../Drivers/NRF24L01/nrf24l01.c:32:9:NRF24_Init	24	static
../Drivers/NRF24L01/nrf24l01.c:69:9:NRF24_Config	16	static
../Drivers/NRF24L01/nrf24l01.c:110:9:NRF24_EnablePipeRX	40	static
../Drivers/NRF24L01/nrf24l01.c:166:9:NRF24_DisablePipeRX	24	static
../Drivers/NRF24L01/nrf24l01.c:190:18:NRF24_GetMode	4	static
../Drivers/NRF24L01/nrf24l01.c:194:6:NRF24_Mode	16	static
../Drivers/NRF24L01/nrf24l01.c:255:9:NRF24_isRecivData	16	static
../Drivers/NRF24L01/nrf24l01.c:260:9:NRF24_ReadData	24	static
../Drivers/NRF24L01/nrf24l01.c:277:9:NRF24_SendData	40	static
../Drivers/NRF24L01/nrf24l01.c:387:6:NRF24_observeTX	24	static
../Drivers/NRF24L01/nrf24l01.c:403:6:NRF24_CheckDataRX	56	static
../Drivers/NRF24L01/nrf24l01.c:463:9:NRF24_TransferByte	32	static
../Drivers/NRF24L01/nrf24l01.c:476:9:NRF24_WriteCMD	24	static
../Drivers/NRF24L01/nrf24l01.c:486:9:NRF24_ReadCMD	24	static
../Drivers/NRF24L01/nrf24l01.c:496:9:NRF24_WriteLargeCMD	24	static
../Drivers/NRF24L01/nrf24l01.c:507:9:NRF24_ReadLargeCMD	32	static
../Drivers/NRF24L01/nrf24l01.c:518:9:NRF24_ReadStatus	16	static
../Drivers/NRF24L01/nrf24l01.c:528:6:NRF24_WriteByte	16	static
../Drivers/NRF24L01/nrf24l01.c:536:13:NRF24_SPI_Error	8	static
../Drivers/NRF24L01/nrf24l01.c:546:13:NRF24_SPI_Init	8	static
../Drivers/NRF24L01/nrf24l01.c:569:6:NRF24_IRQ_Callback	8	static
