../Drivers/BSP/DMX512/dmx512.c:27:13:delay_us	16	static
../Drivers/BSP/DMX512/dmx512.c:52:13:DMX512_Tx_Output	32	static
../Drivers/BSP/DMX512/dmx512.c:65:13:DMX512_Tx_Alter_Function	32	static
../Drivers/BSP/DMX512/dmx512.c:82:19:DMX512_Init	16	static
../Drivers/BSP/DMX512/dmx512.c:114:6:DMX512_SetChannel	16	static
../Drivers/BSP/DMX512/dmx512.c:124:6:DMX512_SetStartCode	16	static
../Drivers/BSP/DMX512/dmx512.c:133:6:DMX512_SetBuffer	16	static
../Drivers/BSP/DMX512/dmx512.c:143:6:DMX512_SendFrame	16	static
../Drivers/BSP/DMX512/dmx512.c:171:6:DMX512_Task	16	static
../Drivers/BSP/DMX512/dmx512.c:225:11:DMX512_GetState	4	static
../Drivers/BSP/DMX512/dmx512.c:234:9:DMX512_IsTransmitting	4	static
../Drivers/BSP/DMX512/dmx512.c:241:6:DMX512_StartTask	4	static
../Drivers/BSP/DMX512/dmx512.c:248:6:DMX512_StopTask	4	static
../Drivers/BSP/DMX512/dmx512.c:255:6:DMX512_ResetBuffer	8	static
../Drivers/BSP/DMX512/dmx512.c:265:9:DMX512_GetChannelValue	16	static
../Drivers/BSP/DMX512/dmx512.c:277:9:DMX512_GetStartCode	4	static
../Drivers/BSP/DMX512/dmx512.c:287:16:DMX512_GetBuffer	4	static
../Drivers/BSP/DMX512/dmx512.c:294:6:DMX_TIM_PeriodElapsedCallback	16	static
../Drivers/BSP/DMX512/dmx512.c:305:6:DMX_UART_TxCpltCallback	16	static
