Archive member included to satisfy reference by file (symbol)

A:/Programas/STM32Cube/STM32CubeIDE_1.16.0/STM32CubeIDE/plugins/com.st.stm32cube.ide.mcu.externaltools.gnu-tools-for-stm32.13.3.rel1.win32_1.0.0.202411081344/tools/bin/../lib/gcc/arm-none-eabi/13.3.1/../../../../arm-none-eabi/lib/thumb/v7e-m+fp/hard\libc_nano.a(libc_a-exit.o)
                              A:/Programas/STM32Cube/STM32CubeIDE_1.16.0/STM32CubeIDE/plugins/com.st.stm32cube.ide.mcu.externaltools.gnu-tools-for-stm32.13.3.rel1.win32_1.0.0.202411081344/tools/bin/../lib/gcc/arm-none-eabi/13.3.1/../../../../arm-none-eabi/lib/thumb/v7e-m+fp/hard/crt0.o (exit)
A:/Programas/STM32Cube/STM32CubeIDE_1.16.0/STM32CubeIDE/plugins/com.st.stm32cube.ide.mcu.externaltools.gnu-tools-for-stm32.13.3.rel1.win32_1.0.0.202411081344/tools/bin/../lib/gcc/arm-none-eabi/13.3.1/../../../../arm-none-eabi/lib/thumb/v7e-m+fp/hard\libc_nano.a(libc_a-findfp.o)
                              A:/Programas/STM32Cube/STM32CubeIDE_1.16.0/STM32CubeIDE/plugins/com.st.stm32cube.ide.mcu.externaltools.gnu-tools-for-stm32.13.3.rel1.win32_1.0.0.202411081344/tools/bin/../lib/gcc/arm-none-eabi/13.3.1/../../../../arm-none-eabi/lib/thumb/v7e-m+fp/hard\libc_nano.a(libc_a-exit.o) (__stdio_exit_handler)
A:/Programas/STM32Cube/STM32CubeIDE_1.16.0/STM32CubeIDE/plugins/com.st.stm32cube.ide.mcu.externaltools.gnu-tools-for-stm32.13.3.rel1.win32_1.0.0.202411081344/tools/bin/../lib/gcc/arm-none-eabi/13.3.1/../../../../arm-none-eabi/lib/thumb/v7e-m+fp/hard\libc_nano.a(libc_a-fwalk.o)
                              A:/Programas/STM32Cube/STM32CubeIDE_1.16.0/STM32CubeIDE/plugins/com.st.stm32cube.ide.mcu.externaltools.gnu-tools-for-stm32.13.3.rel1.win32_1.0.0.202411081344/tools/bin/../lib/gcc/arm-none-eabi/13.3.1/../../../../arm-none-eabi/lib/thumb/v7e-m+fp/hard\libc_nano.a(libc_a-findfp.o) (_fwalk_sglue)
A:/Programas/STM32Cube/STM32CubeIDE_1.16.0/STM32CubeIDE/plugins/com.st.stm32cube.ide.mcu.externaltools.gnu-tools-for-stm32.13.3.rel1.win32_1.0.0.202411081344/tools/bin/../lib/gcc/arm-none-eabi/13.3.1/../../../../arm-none-eabi/lib/thumb/v7e-m+fp/hard\libc_nano.a(libc_a-printf.o)
                              ./Application/app.o (printf)
A:/Programas/STM32Cube/STM32CubeIDE_1.16.0/STM32CubeIDE/plugins/com.st.stm32cube.ide.mcu.externaltools.gnu-tools-for-stm32.13.3.rel1.win32_1.0.0.202411081344/tools/bin/../lib/gcc/arm-none-eabi/13.3.1/../../../../arm-none-eabi/lib/thumb/v7e-m+fp/hard\libc_nano.a(libc_a-setvbuf.o)
                              ./Drivers/BSP/Debug/uart_debug.o (setvbuf)
A:/Programas/STM32Cube/STM32CubeIDE_1.16.0/STM32CubeIDE/plugins/com.st.stm32cube.ide.mcu.externaltools.gnu-tools-for-stm32.13.3.rel1.win32_1.0.0.202411081344/tools/bin/../lib/gcc/arm-none-eabi/13.3.1/../../../../arm-none-eabi/lib/thumb/v7e-m+fp/hard\libc_nano.a(libc_a-stdio.o)
                              A:/Programas/STM32Cube/STM32CubeIDE_1.16.0/STM32CubeIDE/plugins/com.st.stm32cube.ide.mcu.externaltools.gnu-tools-for-stm32.13.3.rel1.win32_1.0.0.202411081344/tools/bin/../lib/gcc/arm-none-eabi/13.3.1/../../../../arm-none-eabi/lib/thumb/v7e-m+fp/hard\libc_nano.a(libc_a-findfp.o) (__sread)
A:/Programas/STM32Cube/STM32CubeIDE_1.16.0/STM32CubeIDE/plugins/com.st.stm32cube.ide.mcu.externaltools.gnu-tools-for-stm32.13.3.rel1.win32_1.0.0.202411081344/tools/bin/../lib/gcc/arm-none-eabi/13.3.1/../../../../arm-none-eabi/lib/thumb/v7e-m+fp/hard\libc_nano.a(libc_a-memcmp.o)
                              ./Drivers/BSP/NRF24L01/nrf24l01.o (memcmp)
A:/Programas/STM32Cube/STM32CubeIDE_1.16.0/STM32CubeIDE/plugins/com.st.stm32cube.ide.mcu.externaltools.gnu-tools-for-stm32.13.3.rel1.win32_1.0.0.202411081344/tools/bin/../lib/gcc/arm-none-eabi/13.3.1/../../../../arm-none-eabi/lib/thumb/v7e-m+fp/hard\libc_nano.a(libc_a-memset.o)
                              A:/Programas/STM32Cube/STM32CubeIDE_1.16.0/STM32CubeIDE/plugins/com.st.stm32cube.ide.mcu.externaltools.gnu-tools-for-stm32.13.3.rel1.win32_1.0.0.202411081344/tools/bin/../lib/gcc/arm-none-eabi/13.3.1/../../../../arm-none-eabi/lib/thumb/v7e-m+fp/hard/crt0.o (memset)
A:/Programas/STM32Cube/STM32CubeIDE_1.16.0/STM32CubeIDE/plugins/com.st.stm32cube.ide.mcu.externaltools.gnu-tools-for-stm32.13.3.rel1.win32_1.0.0.202411081344/tools/bin/../lib/gcc/arm-none-eabi/13.3.1/../../../../arm-none-eabi/lib/thumb/v7e-m+fp/hard\libc_nano.a(libc_a-closer.o)
                              A:/Programas/STM32Cube/STM32CubeIDE_1.16.0/STM32CubeIDE/plugins/com.st.stm32cube.ide.mcu.externaltools.gnu-tools-for-stm32.13.3.rel1.win32_1.0.0.202411081344/tools/bin/../lib/gcc/arm-none-eabi/13.3.1/../../../../arm-none-eabi/lib/thumb/v7e-m+fp/hard\libc_nano.a(libc_a-stdio.o) (_close_r)
A:/Programas/STM32Cube/STM32CubeIDE_1.16.0/STM32CubeIDE/plugins/com.st.stm32cube.ide.mcu.externaltools.gnu-tools-for-stm32.13.3.rel1.win32_1.0.0.202411081344/tools/bin/../lib/gcc/arm-none-eabi/13.3.1/../../../../arm-none-eabi/lib/thumb/v7e-m+fp/hard\libc_nano.a(libc_a-reent.o)
[...]
Memory Configuration

Name             Origin             Length             Attributes
CCMRAM           0x10000000         0x00010000         xrw
RAM              0x20000000         0x00020000         xrw
FLASH            0x08000000         0x00100000         xr
*default*        0x00000000         0xffffffff

Linker script and memory map

LOAD A:/Programas/STM32Cube/STM32CubeIDE_1.16.0/STM32CubeIDE/plugins/com.st.stm32cube.ide.mcu.externaltools.gnu-tools-for-stm32.13.3.rel1.win32_1.0.0.202411081344/tools/bin/../lib/gcc/arm-none-eabi/13.3.1/thumb/v7e-m+fp/hard/crti.o
LOAD A:/Programas/STM32Cube/STM32CubeIDE_1.16.0/STM32CubeIDE/plugins/com.st.stm32cube.ide.mcu.externaltools.gnu-tools-for-stm32.13.3.rel1.win32_1.0.0.202411081344/tools/bin/../lib/gcc/arm-none-eabi/13.3.1/thumb/v7e-m+fp/hard/crtbegin.o
LOAD A:/Programas/STM32Cube/STM32CubeIDE_1.16.0/STM32CubeIDE/plugins/com.st.stm32cube.ide.mcu.externaltools.gnu-tools-for-stm32.13.3.rel1.win32_1.0.0.202411081344/tools/bin/../lib/gcc/arm-none-eabi/13.3.1/../../../../arm-none-eabi/lib/thumb/v7e-m+fp/hard/crt0.o
LOAD ./Application/app.o
LOAD ./Application/stringcmd.o
LOAD ./Core/Src/main.o
LOAD ./Core/Src/stm32f4xx_hal_msp.o
LOAD ./Core/Src/stm32f4xx_it.o
LOAD ./Core/Src/syscalls.o
LOAD ./Core/Src/sysmem.o
LOAD ./Core/Src/system_stm32f4xx.o
LOAD ./Core/Startup/startup_stm32f407vgtx.o
LOAD ./Drivers/BSP/DMX512/dmx512.o
LOAD ./Drivers/BSP/Debug/uart_debug.o
LOAD ./Drivers/BSP/Discovery/led.o
LOAD ./Drivers/BSP/Discovery/pushbutton.o
LOAD ./Drivers/BSP/NRF24L01/nrf24l01.o
LOAD ./Drivers/BSP/protocol/dmx_protocol.o
LOAD ./Drivers/BSP/protocol/nrf_protocol.o
LOAD ./Drivers/STM32F4xx_HAL_Driver/Src/stm32f4xx_hal.o
LOAD ./Drivers/STM32F4xx_HAL_Driver/Src/stm32f4xx_hal_cortex.o
LOAD ./Drivers/STM32F4xx_HAL_Driver/Src/stm32f4xx_hal_dma.o
LOAD ./Drivers/STM32F4xx_HAL_Driver/Src/stm32f4xx_hal_dma_ex.o
LOAD ./Drivers/STM32F4xx_HAL_Driver/Src/stm32f4xx_hal_exti.o
LOAD ./Drivers/STM32F4xx_HAL_Driver/Src/stm32f4xx_hal_flash.o
LOAD ./Drivers/STM32F4xx_HAL_Driver/Src/stm32f4xx_hal_flash_ex.o
LOAD ./Drivers/STM32F4xx_HAL_Driver/Src/stm32f4xx_hal_flash_ramfunc.o
LOAD ./Drivers/STM32F4xx_HAL_Driver/Src/stm32f4xx_hal_gpio.o
LOAD ./Drivers/STM32F4xx_HAL_Driver/Src/stm32f4xx_hal_pwr.o
LOAD ./Drivers/STM32F4xx_HAL_Driver/Src/stm32f4xx_hal_pwr_ex.o
LOAD ./Drivers/STM32F4xx_HAL_Driver/Src/stm32f4xx_hal_rcc.o
LOAD ./Drivers/STM32F4xx_HAL_Driver/Src/stm32f4xx_hal_rcc_ex.o
LOAD ./Drivers/STM32F4xx_HAL_Driver/Src/stm32f4xx_hal_spi.o
LOAD ./Drivers/STM32F4xx_HAL_Driver/Src/stm32f4xx_hal_tim.o
LOAD ./Drivers/STM32F4xx_HAL_Driver/Src/stm32f4xx_hal_tim_ex.o
LOAD ./Drivers/STM32F4xx_HAL_Driver/Src/stm32f4xx_hal_uart.o
START GROUP
LOAD A:/Programas/STM32Cube/STM32CubeIDE_1.16.0/STM32CubeIDE/plugins/com.st.stm32cube.ide.mcu.externaltools.gnu-tools-for-stm32.13.3.rel1.win32_1.0.0.202411081344/tools/bin/../lib/gcc/arm-none-eabi/13.3.1/../../../../arm-none-eabi/lib/thumb/v7e-m+fp/hard\libc_nano.a
LOAD A:/Programas/STM32Cube/STM32CubeIDE_1.16.0/STM32CubeIDE/plugins/com.st.stm32cube.ide.mcu.externaltools.gnu-tools-for-stm32.13.3.rel1.win32_1.0.0.202411081344/tools/bin/../lib/gcc/arm-none-eabi/13.3.1/../../../../arm-none-eabi/lib/thumb/v7e-m+fp/hard\libm.a
END GROUP
START GROUP
LOAD A:/Programas/STM32Cube/STM32CubeIDE_1.16.0/STM32CubeIDE/plugins/com.st.stm32cube.ide.mcu.externaltools.gnu-tools-for-stm32.13.3.rel1.win32_1.0.0.202411081344/tools/bin/../lib/gcc/arm-none-eabi/13.3.1/thumb/v7e-m+fp/hard\libgcc.a
LOAD A:/Programas/STM32Cube/STM32CubeIDE_1.16.0/STM32CubeIDE/plugins/com.st.stm32cube.ide.mcu.externaltools.gnu-tools-for-stm32.13.3.rel1.win32_1.0.0.202411081344/tools/bin/../lib/gcc/arm-none-eabi/13.3.1/../../../../arm-none-eabi/lib/thumb/v7e-m+fp/hard\libc_nano.a
END GROUP
START GROUP
LOAD A:/Programas/STM32Cube/STM32CubeIDE_1.16.0/STM32CubeIDE/plugins/com.st.stm32cube.ide.mcu.externaltools.gnu-tools-for-stm32.13.3.rel1.win32_1.0.0.202411081344/tools/bin/../lib/gcc/arm-none-eabi/13.3.1/thumb/v7e-m+fp/hard\libgcc.a
LOAD A:/Programas/STM32Cube/STM32CubeIDE_1.16.0/STM32CubeIDE/plugins/com.st.stm32cube.ide.mcu.externaltools.gnu-tools-for-stm32.13.3.rel1.win32_1.0.0.202411081344/tools/bin/../lib/gcc/arm-none-eabi/13.3.1/../../../../arm-none-eabi/lib/thumb/v7e-m+fp/hard\libc_nano.a
LOAD A:/Programas/STM32Cube/STM32CubeIDE_1.16.0/STM32CubeIDE/plugins/com.st.stm32cube.ide.mcu.externaltools.gnu-tools-for-stm32.13.3.rel1.win32_1.0.0.202411081344/tools/bin/../lib/gcc/arm-none-eabi/13.3.1/../../../../arm-none-eabi/lib/thumb/v7e-m+fp/hard\libnosys.a
END GROUP
START GROUP
LOAD A:/Programas/STM32Cube/STM32CubeIDE_1.16.0/STM32CubeIDE/plugins/com.st.stm32cube.ide.mcu.externaltools.gnu-tools-for-stm32.13.3.rel1.win32_1.0.0.202411081344/tools/bin/../lib/gcc/arm-none-eabi/13.3.1/thumb/v7e-m+fp/hard\libgcc.a
LOAD A:/Programas/STM32Cube/STM32CubeIDE_1.16.0/STM32CubeIDE/plugins/com.st.stm32cube.ide.mcu.externaltools.gnu-tools-for-stm32.13.3.rel1.win32_1.0.0.202411081344/tools/bin/../lib/gcc/arm-none-eabi/13.3.1/../../../../arm-none-eabi/lib/thumb/v7e-m+fp/hard\libc_nano.a
LOAD A:/Programas/STM32Cube/STM32CubeIDE_1.16.0/STM32CubeIDE/plugins/com.st.stm32cube.ide.mcu.externaltools.gnu-tools-for-stm32.13.3.rel1.win32_1.0.0.202411081344/tools/bin/../lib/gcc/arm-none-eabi/13.3.1/../../../../arm-none-eabi/lib/thumb/v7e-m+fp/hard\libnosys.a
END GROUP
LOAD A:/Programas/STM32Cube/STM32CubeIDE_1.16.0/STM32CubeIDE/plugins/com.st.stm32cube.ide.mcu.externaltools.gnu-tools-for-stm32.13.3.rel1.win32_1.0.0.202411081344/tools/bin/../lib/gcc/arm-none-eabi/13.3.1/thumb/v7e-m+fp/hard/crtend.o
LOAD A:/Programas/STM32Cube/STM32CubeIDE_1.16.0/STM32CubeIDE/plugins/com.st.stm32cube.ide.mcu.externaltools.gnu-tools-for-stm32.13.3.rel1.win32_1.0.0.202411081344/tools/bin/../lib/gcc/arm-none-eabi/13.3.1/thumb/v7e-m+fp/hard/crtn.o
                0x20020000                        _estack = (ORIGIN (RAM) + LENGTH (RAM))
                0x00000200                        _Min_Heap_Size = 0x200
                0x00000400                        _Min_Stack_Size = 0x400

.isr_vector     0x08000000      0x188
                0x08000000                        . = ALIGN (0x4)
 *(.isr_vector)
 .isr_vector    0x08000000      0x188 ./Core/Startup/startup_stm32f407vgtx.o
                0x08000000                g_pfnVectors
                0x08000188                        . = ALIGN (0x4)

.text           0x08000190     0x6a24
                0x08000190                        . = ALIGN (0x4)
 *(.text)
 .text          0x08000190       0x40 A:/Programas/STM32Cube/STM32CubeIDE_1.16.0/STM32CubeIDE/plugins/com.st.stm32cube.ide.mcu.externaltools.gnu-tools-for-stm32.13.3.rel1.win32_1.0.0.202411081344/tools/bin/../lib/gcc/arm-none-eabi/13.3.1/thumb/v7e-m+fp/hard/crtbegin.o
 .text          0x080001d0       0xa0 A:/Programas/STM32Cube/STM32CubeIDE_1.16.0/STM32CubeIDE/plugins/com.st.stm32cube.ide.mcu.externaltools.gnu-tools-for-stm32.13.3.rel1.win32_1.0.0.202411081344/tools/bin/../lib/gcc/arm-none-eabi/13.3.1/../../../../arm-none-eabi/lib/thumb/v7e-m+fp/hard\libc_nano.a(libc_a-memchr.o)
                0x080001d0                memchr
 .text          0x08000270       0x30 A:/Programas/STM32Cube/STM32CubeIDE_1.16.0/STM32CubeIDE/plugins/com.st.stm32cube.ide.mcu.externaltools.gnu-tools-for-stm32.13.3.rel1.win32_1.0.0.202411081344/tools/bin/../lib/gcc/arm-none-eabi/13.3.1/thumb/v7e-m+fp/hard\libgcc.a(_aeabi_uldivmod.o)
                0x08000270                __aeabi_uldivmod
 .text          0x080002a0      0x2f8 A:/Programas/STM32Cube/STM32CubeIDE_1.16.0/STM32CubeIDE/plugins/com.st.stm32cube.ide.mcu.externaltools.gnu-tools-for-stm32.13.3.rel1.win32_1.0.0.202411081344/tools/bin/../lib/gcc/arm-none-eabi/13.3.1/thumb/v7e-m+fp/hard\libgcc.a(_udivmoddi4.o)
                0x080002a0                __udivmoddi4
 .text          0x08000598        0x4 A:/Programas/STM32Cube/STM32CubeIDE_1.16.0/STM32CubeIDE/plugins/com.st.stm32cube.ide.mcu.externaltools.gnu-tools-for-stm32.13.3.rel1.win32_1.0.0.202411081344/tools/bin/../lib/gcc/arm-none-eabi/13.3.1/thumb/v7e-m+fp/hard\libgcc.a(_dvmd_tls.o)
                0x08000598                __aeabi_idiv0
                0x08000598                __aeabi_ldiv0
 *(.text*)
 .text.APP_Init
                0x0800059c       0x24 ./Application/app.o
                0x0800059c                APP_Init
 .text.APP_Task
                0x080005c0       0xd0 ./Application/app.o
                0x080005c0                APP_Task
 .text.HAL_GPIO_EXTI_Callback
                0x08000690       0xa4 ./Application/app.o
                0x08000690                HAL_GPIO_EXTI_Callback
 .text.HAL_TIM_PeriodElapsedCallback
                0x08000734       0x16 ./Application/app.o
                0x08000734                HAL_TIM_PeriodElapsedCallback
 .text.HAL_UART_TxCpltCallback
                0x0800074a       0x16 ./Application/app.o
                0x0800074a                HAL_UART_TxCpltCallback
 .text.main     0x08000760       0x74 ./Core/Src/main.o
                0x08000760                main
 .text.SystemClock_Config
                0x080007d4       0xd4 ./Core/Src/main.o
                0x080007d4                SystemClock_Config
 .text.MX_SPI2_Init
                0x080008a8       0x6c ./Core/Src/main.o
 .text.MX_TIM6_Init
                0x08000914       0x80 ./Core/Src/main.o
 .text.MX_USART2_UART_Init
                0x08000994       0x54 ./Core/Src/main.o
 .text.MX_USART6_UART_Init
                0x080009e8       0x58 ./Core/Src/main.o
 .text.MX_DMA_Init
                0x08000a40       0x40 ./Core/Src/main.o
 .text.MX_GPIO_Init
                0x08000a80      0x140 ./Core/Src/main.o
 .text.Error_Handler
                0x08000bc0        0xc ./Core/Src/main.o
                0x08000bc0                Error_Handler
 .text.HAL_MspInit
                0x08000bcc       0x50 ./Core/Src/stm32f4xx_hal_msp.o
                0x08000bcc                HAL_MspInit
 .text.HAL_SPI_MspInit
                0x08000c1c       0xd0 ./Core/Src/stm32f4xx_hal_msp.o
                0x08000c1c                HAL_SPI_MspInit
 .text.HAL_SPI_MspDeInit
                0x08000cec       0x48 ./Core/Src/stm32f4xx_hal_msp.o
                0x08000cec                HAL_SPI_MspDeInit
 .text.HAL_TIM_Base_MspInit
                0x08000d34       0x50 ./Core/Src/stm32f4xx_hal_msp.o
                0x08000d34                HAL_TIM_Base_MspInit
 .text.HAL_UART_MspInit
                0x08000d84      0x180 ./Core/Src/stm32f4xx_hal_msp.o
                0x08000d84                HAL_UART_MspInit
 .text.NMI_Handler
                0x08000f04        0x8 ./Core/Src/stm32f4xx_it.o
                0x08000f04                NMI_Handler
 .text.HardFault_Handler
                0x08000f0c        0x8 ./Core/Src/stm32f4xx_it.o
                0x08000f0c                HardFault_Handler
 .text.MemManage_Handler
                0x08000f14        0x8 ./Core/Src/stm32f4xx_it.o
                0x08000f14                MemManage_Handler
 .text.BusFault_Handler
                0x08000f1c        0x8 ./Core/Src/stm32f4xx_it.o
                0x08000f1c                BusFault_Handler
 .text.UsageFault_Handler
                0x08000f24        0x8 ./Core/Src/stm32f4xx_it.o
                0x08000f24                UsageFault_Handler
 .text.SVC_Handler
                0x08000f2c        0xe ./Core/Src/stm32f4xx_it.o
                0x08000f2c                SVC_Handler
 .text.DebugMon_Handler
                0x08000f3a        0xe ./Core/Src/stm32f4xx_it.o
                0x08000f3a                DebugMon_Handler
 .text.PendSV_Handler
                0x08000f48        0xe ./Core/Src/stm32f4xx_it.o
                0x08000f48                PendSV_Handler
 .text.SysTick_Handler
                0x08000f56        0xc ./Core/Src/stm32f4xx_it.o
                0x08000f56                SysTick_Handler
 .text.EXTI0_IRQHandler
                0x08000f62        0xe ./Core/Src/stm32f4xx_it.o
                0x08000f62                EXTI0_IRQHandler
 .text.EXTI9_5_IRQHandler
                0x08000f70        0xe ./Core/Src/stm32f4xx_it.o
                0x08000f70                EXTI9_5_IRQHandler
 *fill*         0x08000f7e        0x2 
 .text.USART2_IRQHandler
                0x08000f80       0x18 ./Core/Src/stm32f4xx_it.o
                0x08000f80                USART2_IRQHandler
 .text.TIM6_DAC_IRQHandler
                0x08000f98       0x14 ./Core/Src/stm32f4xx_it.o
                0x08000f98                TIM6_DAC_IRQHandler
 .text.DMA2_Stream6_IRQHandler
                0x08000fac       0x14 ./Core/Src/stm32f4xx_it.o
                0x08000fac                DMA2_Stream6_IRQHandler
 .text.USART6_IRQHandler
                0x08000fc0       0x14 ./Core/Src/stm32f4xx_it.o
                0x08000fc0                USART6_IRQHandler
 .text._read    0x08000fd4       0x3a ./Core/Src/syscalls.o
                0x08000fd4                _read
 .text._write   0x0800100e       0x38 ./Core/Src/syscalls.o
                0x0800100e                _write
 .text._close   0x08001046       0x18 ./Core/Src/syscalls.o
                0x08001046                _close
 .text._fstat   0x0800105e       0x20 ./Core/Src/syscalls.o
                0x0800105e                _fstat
 .text._isatty  0x0800107e       0x16 ./Core/Src/syscalls.o
                0x0800107e                _isatty
 .text._lseek   0x08001094       0x1a ./Core/Src/syscalls.o
                0x08001094                _lseek
 *fill*         0x080010ae        0x2 
 .text._sbrk    0x080010b0       0x6c ./Core/Src/sysmem.o
                0x080010b0                _sbrk
 .text.SystemInit
                0x0800111c       0x24 ./Core/Src/system_stm32f4xx.o
                0x0800111c                SystemInit
 .text.Reset_Handler
                0x08001140       0x50 ./Core/Startup/startup_stm32f407vgtx.o
                0x08001140                Reset_Handler
 .text.Default_Handler
                0x08001190        0x2 ./Core/Startup/startup_stm32f407vgtx.o
                0x08001190                RTC_Alarm_IRQHandler
                0x08001190                HASH_RNG_IRQHandler
                0x08001190                EXTI2_IRQHandler
                0x08001190                TIM8_CC_IRQHandler
                0x08001190                TIM1_CC_IRQHandler
                0x08001190                DMA2_Stream5_IRQHandler
                0x08001190                DMA1_Stream5_IRQHandler
                0x08001190                PVD_IRQHandler
                0x08001190                SDIO_IRQHandler
                0x08001190                TAMP_STAMP_IRQHandler
                0x08001190                CAN2_RX1_IRQHandler
                0x08001190                EXTI3_IRQHandler
                0x08001190                TIM8_TRG_COM_TIM14_IRQHandler
                0x08001190                TIM1_UP_TIM10_IRQHandler
                0x08001190                TIM8_UP_TIM13_IRQHandler
                0x08001190                I2C3_ER_IRQHandler
                0x08001190                I2C2_EV_IRQHandler
                0x08001190                DMA1_Stream2_IRQHandler
                0x08001190                CAN1_RX0_IRQHandler
                0x08001190                FPU_IRQHandler
                0x08001190                OTG_HS_WKUP_IRQHandler
                0x08001190                CAN2_SCE_IRQHandler
                0x08001190                DMA2_Stream2_IRQHandler
                0x08001190                SPI1_IRQHandler
                0x08001190                TIM1_BRK_TIM9_IRQHandler
                0x08001190                DCMI_IRQHandler
                0x08001190                CAN2_RX0_IRQHandler
                0x08001190                DMA2_Stream3_IRQHandler
                0x08001190                USART3_IRQHandler
                0x08001190                CAN1_RX1_IRQHandler
                0x08001190                UART5_IRQHandler
                0x08001190                DMA2_Stream0_IRQHandler
                0x08001190                TIM4_IRQHandler
                0x08001190                I2C1_EV_IRQHandler
                0x08001190                DMA1_Stream6_IRQHandler
                0x08001190                DMA1_Stream1_IRQHandler
                0x08001190                UART4_IRQHandler
                0x08001190                TIM3_IRQHandler
                0x08001190                RCC_IRQHandler
                0x08001190                TIM8_BRK_TIM12_IRQHandler
                0x08001190                Default_Handler
                0x08001190                EXTI15_10_IRQHandler
                0x08001190                ADC_IRQHandler
                0x08001190                DMA1_Stream7_IRQHandler
                0x08001190                TIM7_IRQHandler
                0x08001190                CAN2_TX_IRQHandler
                0x08001190                TIM5_IRQHandler
                0x08001190                DMA2_Stream7_IRQHandler
                0x08001190                I2C3_EV_IRQHandler
                0x08001190                RTC_WKUP_IRQHandler
                0x08001190                ETH_WKUP_IRQHandler
                0x08001190                SPI2_IRQHandler
                0x08001190                OTG_HS_EP1_IN_IRQHandler
                0x08001190                DMA1_Stream0_IRQHandler
                0x08001190                CAN1_TX_IRQHandler
                0x08001190                EXTI4_IRQHandler
                0x08001190                FSMC_IRQHandler
                0x08001190                ETH_IRQHandler
                0x08001190                OTG_HS_EP1_OUT_IRQHandler
                0x08001190                WWDG_IRQHandler
                0x08001190                TIM2_IRQHandler
                0x08001190                OTG_FS_WKUP_IRQHandler
                0x08001190                TIM1_TRG_COM_TIM11_IRQHandler
                0x08001190                OTG_HS_IRQHandler
                0x08001190                EXTI1_IRQHandler
                0x08001190                I2C2_ER_IRQHandler
                0x08001190                DMA2_Stream1_IRQHandler
                0x08001190                CAN1_SCE_IRQHandler
                0x08001190                FLASH_IRQHandler
                0x08001190                DMA2_Stream4_IRQHandler
                0x08001190                USART1_IRQHandler
                0x08001190                OTG_FS_IRQHandler
                0x08001190                SPI3_IRQHandler
                0x08001190                DMA1_Stream4_IRQHandler
                0x08001190                I2C1_ER_IRQHandler
                0x08001190                DMA1_Stream3_IRQHandler
 *fill*         0x08001192        0x2 
 .text.delay_us
                0x08001194       0x50 ./Drivers/BSP/DMX512/dmx512.o
 .text.DMX512_Tx_Output
                0x080011e4       0x2c ./Drivers/BSP/DMX512/dmx512.o
 .text.DMX512_Tx_Alter_Function
                0x08001210       0x30 ./Drivers/BSP/DMX512/dmx512.o
 .text.DMX512_Init
                0x08001240       0xac ./Drivers/BSP/DMX512/dmx512.o
                0x08001240                DMX512_Init
 .text.DMX512_SetChannel
                0x080012ec       0x38 ./Drivers/BSP/DMX512/dmx512.o
                0x080012ec                DMX512_SetChannel
 .text.DMX512_Task
                0x08001324      0x118 ./Drivers/BSP/DMX512/dmx512.o
                0x08001324                DMX512_Task
 .text.DMX512_StartTask
                0x0800143c       0x18 ./Drivers/BSP/DMX512/dmx512.o
                0x0800143c                DMX512_StartTask
 .text.DMX512_StopTask
                0x08001454       0x18 ./Drivers/BSP/DMX512/dmx512.o
                0x08001454                DMX512_StopTask
 .text.DMX512_ResetBuffer
                0x0800146c       0x18 ./Drivers/BSP/DMX512/dmx512.o
                0x0800146c                DMX512_ResetBuffer
 .text.DMX512_GetBuffer
                0x08001484       0x14 ./Drivers/BSP/DMX512/dmx512.o
                0x08001484                DMX512_GetBuffer
 .text.DMX_TIM_PeriodElapsedCallback
                0x08001498       0x38 ./Drivers/BSP/DMX512/dmx512.o
                0x08001498                DMX_TIM_PeriodElapsedCallback
 .text.DMX_UART_TxCpltCallback
                0x080014d0       0x38 ./Drivers/BSP/DMX512/dmx512.o
                0x080014d0                DMX_UART_TxCpltCallback
 .text.__io_putchar
                0x08001508       0x1c ./Drivers/BSP/Debug/uart_debug.o
                0x08001508                __io_putchar
 .text.UART_Init
                0x08001524       0x40 ./Drivers/BSP/Debug/uart_debug.o
                0x08001524                UART_Init
 .text.UART_task
                0x08001564       0x94 ./Drivers/BSP/Debug/uart_debug.o
                0x08001564                UART_task
 .text.UART_isDataRecived
                0x080015f8       0x18 ./Drivers/BSP/Debug/uart_debug.o
                0x080015f8                UART_isDataRecived
 .text.UART_GetStr
                0x08001610       0x38 ./Drivers/BSP/Debug/uart_debug.o
                0x08001610                UART_GetStr
 .text.UART_Put
                0x08001648       0x30 ./Drivers/BSP/Debug/uart_debug.o
                0x08001648                UART_Put
 .text.BSP_LED_Init
                0x08001678      0x100 ./Drivers/BSP/Discovery/led.o
                0x08001678                BSP_LED_Init
 .text.BSP_LED_Init_All
                0x08001778       0x2a ./Drivers/BSP/Discovery/led.o
                0x08001778                BSP_LED_Init_All
 *fill*         0x080017a2        0x2 
 .text.BSP_PB_Init
                0x080017a4       0xc4 ./Drivers/BSP/Discovery/pushbutton.o
                0x080017a4                BSP_PB_Init
 .text.NRF24_Init
                0x08001868       0x70 ./Drivers/BSP/NRF24L01/nrf24l01.o
                0x08001868                NRF24_Init
 .text.NRF24_Config
                0x080018d8       0x84 ./Drivers/BSP/NRF24L01/nrf24l01.o
                0x080018d8                NRF24_Config
 .text.NRF24_EnablePipeRX
                0x0800195c      0x108 ./Drivers/BSP/NRF24L01/nrf24l01.o
                0x0800195c                NRF24_EnablePipeRX
 .text.NRF24_GetMode
                0x08001a64       0x18 ./Drivers/BSP/NRF24L01/nrf24l01.o
                0x08001a64                NRF24_GetMode
 .text.NRF24_Mode
                0x08001a7c      0x11c ./Drivers/BSP/NRF24L01/nrf24l01.o
                0x08001a7c                NRF24_Mode
 .text.NRF24_isRecivData
                0x08001b98       0x20 ./Drivers/BSP/NRF24L01/nrf24l01.o
                0x08001b98                NRF24_isRecivData
 .text.NRF24_ReadData
                0x08001bb8       0x50 ./Drivers/BSP/NRF24L01/nrf24l01.o
                0x08001bb8                NRF24_ReadData
 .text.NRF24_CheckDataRX
                0x08001c08       0xc8 ./Drivers/BSP/NRF24L01/nrf24l01.o
                0x08001c08                NRF24_CheckDataRX
 .text.NRF24_TransferByte
                0x08001cd0       0x3c ./Drivers/BSP/NRF24L01/nrf24l01.o
                0x08001cd0                NRF24_TransferByte
 .text.NRF24_WriteCMD
                0x08001d0c       0x48 ./Drivers/BSP/NRF24L01/nrf24l01.o
                0x08001d0c                NRF24_WriteCMD
 .text.NRF24_ReadCMD
                0x08001d54       0x40 ./Drivers/BSP/NRF24L01/nrf24l01.o
                0x08001d54                NRF24_ReadCMD
 .text.NRF24_WriteLargeCMD
                0x08001d94       0x60 ./Drivers/BSP/NRF24L01/nrf24l01.o
                0x08001d94                NRF24_WriteLargeCMD
 .text.NRF24_ReadLargeCMD
                0x08001df4       0x64 ./Drivers/BSP/NRF24L01/nrf24l01.o
                0x08001df4                NRF24_ReadLargeCMD
 .text.NRF24_ReadStatus
                0x08001e58       0x34 ./Drivers/BSP/NRF24L01/nrf24l01.o
                0x08001e58                NRF24_ReadStatus
 .text.NRF24_WriteByte
                0x08001e8c       0x34 ./Drivers/BSP/NRF24L01/nrf24l01.o
                0x08001e8c                NRF24_WriteByte
 .text.NRF24_SPI_Error
                0x08001ec0       0x1c ./Drivers/BSP/NRF24L01/nrf24l01.o
 .text.NRF24_SPI_Init
                0x08001edc       0x74 ./Drivers/BSP/NRF24L01/nrf24l01.o
 .text.NRF24_IRQ_Callback
                0x08001f50        0xc ./Drivers/BSP/NRF24L01/nrf24l01.o
                0x08001f50                NRF24_IRQ_Callback
 .text.ParseDMXData
                0x08001f5c      0x284 ./Drivers/BSP/protocol/dmx_protocol.o
                0x08001f5c                ParseDMXData
 .text.HAL_Init
                0x080021e0       0x44 ./Drivers/STM32F4xx_HAL_Driver/Src/stm32f4xx_hal.o
                0x080021e0                HAL_Init
 .text.HAL_InitTick
                0x08002224       0x60 ./Drivers/STM32F4xx_HAL_Driver/Src/stm32f4xx_hal.o
                0x08002224                HAL_InitTick
 .text.HAL_IncTick
                0x08002284       0x28 ./Drivers/STM32F4xx_HAL_Driver/Src/stm32f4xx_hal.o
                0x08002284                HAL_IncTick
 .text.HAL_GetTick
                0x080022ac       0x18 ./Drivers/STM32F4xx_HAL_Driver/Src/stm32f4xx_hal.o
                0x080022ac                HAL_GetTick
 .text.HAL_Delay
                0x080022c4       0x48 ./Drivers/STM32F4xx_HAL_Driver/Src/stm32f4xx_hal.o
                0x080022c4                HAL_Delay
 .text.__NVIC_SetPriorityGrouping
                0x0800230c       0x48 ./Drivers/STM32F4xx_HAL_Driver/Src/stm32f4xx_hal_cortex.o
 .text.__NVIC_GetPriorityGrouping
                0x08002354       0x1c ./Drivers/STM32F4xx_HAL_Driver/Src/stm32f4xx_hal_cortex.o
 .text.__NVIC_EnableIRQ
                0x08002370       0x3c ./Drivers/STM32F4xx_HAL_Driver/Src/stm32f4xx_hal_cortex.o
 .text.__NVIC_SetPriority
                0x080023ac       0x54 ./Drivers/STM32F4xx_HAL_Driver/Src/stm32f4xx_hal_cortex.o
 .text.NVIC_EncodePriority
                0x08002400       0x66 ./Drivers/STM32F4xx_HAL_Driver/Src/stm32f4xx_hal_cortex.o
 *fill*         0x08002466        0x2 
 .text.SysTick_Config
                0x08002468       0x44 ./Drivers/STM32F4xx_HAL_Driver/Src/stm32f4xx_hal_cortex.o
 .text.HAL_NVIC_SetPriorityGrouping
                0x080024ac       0x16 ./Drivers/STM32F4xx_HAL_Driver/Src/stm32f4xx_hal_cortex.o
                0x080024ac                HAL_NVIC_SetPriorityGrouping
 .text.HAL_NVIC_SetPriority
                0x080024c2       0x38 ./Drivers/STM32F4xx_HAL_Driver/Src/stm32f4xx_hal_cortex.o
                0x080024c2                HAL_NVIC_SetPriority
 .text.HAL_NVIC_EnableIRQ
                0x080024fa       0x1c ./Drivers/STM32F4xx_HAL_Driver/Src/stm32f4xx_hal_cortex.o
                0x080024fa                HAL_NVIC_EnableIRQ
 .text.HAL_SYSTICK_Config
                0x08002516       0x18 ./Drivers/STM32F4xx_HAL_Driver/Src/stm32f4xx_hal_cortex.o
                0x08002516                HAL_SYSTICK_Config
 *fill*         0x0800252e        0x2 
 .text.HAL_DMA_Init
                0x08002530      0x15c ./Drivers/STM32F4xx_HAL_Driver/Src/stm32f4xx_hal_dma.o
                0x08002530                HAL_DMA_Init
 .text.HAL_DMA_Start_IT
                0x0800268c       0xb0 ./Drivers/STM32F4xx_HAL_Driver/Src/stm32f4xx_hal_dma.o
                0x0800268c                HAL_DMA_Start_IT
 .text.HAL_DMA_Abort
                0x0800273c       0xe0 ./Drivers/STM32F4xx_HAL_Driver/Src/stm32f4xx_hal_dma.o
                0x0800273c                HAL_DMA_Abort
 .text.HAL_DMA_Abort_IT
                0x0800281c       0x44 ./Drivers/STM32F4xx_HAL_Driver/Src/stm32f4xx_hal_dma.o
                0x0800281c                HAL_DMA_Abort_IT
 .text.HAL_DMA_IRQHandler
                0x08002860      0x314 ./Drivers/STM32F4xx_HAL_Driver/Src/stm32f4xx_hal_dma.o
                0x08002860                HAL_DMA_IRQHandler
 .text.DMA_SetConfig
                0x08002b74       0x5c ./Drivers/STM32F4xx_HAL_Driver/Src/stm32f4xx_hal_dma.o
 .text.DMA_CalcBaseAndBitshift
                0x08002bd0       0x6c ./Drivers/STM32F4xx_HAL_Driver/Src/stm32f4xx_hal_dma.o
 .text.DMA_CheckFifoParam
                0x08002c3c       0xf8 ./Drivers/STM32F4xx_HAL_Driver/Src/stm32f4xx_hal_dma.o
 .text.HAL_GPIO_Init
                0x08002d34      0x338 ./Drivers/STM32F4xx_HAL_Driver/Src/stm32f4xx_hal_gpio.o
                0x08002d34                HAL_GPIO_Init
 .text.HAL_GPIO_DeInit
                0x0800306c      0x1f8 ./Drivers/STM32F4xx_HAL_Driver/Src/stm32f4xx_hal_gpio.o
                0x0800306c                HAL_GPIO_DeInit
 .text.HAL_GPIO_ReadPin
                0x08003264       0x30 ./Drivers/STM32F4xx_HAL_Driver/Src/stm32f4xx_hal_gpio.o
                0x08003264                HAL_GPIO_ReadPin
 .text.HAL_GPIO_WritePin
                0x08003294       0x32 ./Drivers/STM32F4xx_HAL_Driver/Src/stm32f4xx_hal_gpio.o
                0x08003294                HAL_GPIO_WritePin
 *fill*         0x080032c6        0x2 
 .text.HAL_GPIO_EXTI_IRQHandler
                0x080032c8       0x30 ./Drivers/STM32F4xx_HAL_Driver/Src/stm32f4xx_hal_gpio.o
                0x080032c8                HAL_GPIO_EXTI_IRQHandler
 .text.HAL_RCC_OscConfig
                0x080032f8      0x4f0 ./Drivers/STM32F4xx_HAL_Driver/Src/stm32f4xx_hal_rcc.o
                0x080032f8                HAL_RCC_OscConfig
 .text.HAL_RCC_ClockConfig
                0x080037e8      0x1cc ./Drivers/STM32F4xx_HAL_Driver/Src/stm32f4xx_hal_rcc.o
                0x080037e8                HAL_RCC_ClockConfig
 .text.HAL_RCC_GetSysClockFreq
                0x080039b4      0x20c ./Drivers/STM32F4xx_HAL_Driver/Src/stm32f4xx_hal_rcc.o
                0x080039b4                HAL_RCC_GetSysClockFreq
 .text.HAL_RCC_GetHCLKFreq
                0x08003bc0       0x18 ./Drivers/STM32F4xx_HAL_Driver/Src/stm32f4xx_hal_rcc.o
                0x08003bc0                HAL_RCC_GetHCLKFreq
 .text.HAL_RCC_GetPCLK1Freq
                0x08003bd8       0x28 ./Drivers/STM32F4xx_HAL_Driver/Src/stm32f4xx_hal_rcc.o
                0x08003bd8                HAL_RCC_GetPCLK1Freq
 .text.HAL_RCC_GetPCLK2Freq
                0x08003c00       0x28 ./Drivers/STM32F4xx_HAL_Driver/Src/stm32f4xx_hal_rcc.o
                0x08003c00                HAL_RCC_GetPCLK2Freq
 .text.HAL_SPI_Init
                0x08003c28      0x112 ./Drivers/STM32F4xx_HAL_Driver/Src/stm32f4xx_hal_spi.o
                0x08003c28                HAL_SPI_Init
 .text.HAL_SPI_DeInit
                0x08003d3a       0x50 ./Drivers/STM32F4xx_HAL_Driver/Src/stm32f4xx_hal_spi.o
                0x08003d3a                HAL_SPI_DeInit
 .text.HAL_SPI_TransmitReceive
                0x08003d8a      0x352 ./Drivers/STM32F4xx_HAL_Driver/Src/stm32f4xx_hal_spi.o
                0x08003d8a                HAL_SPI_TransmitReceive
 .text.SPI_WaitFlagStateUntilTimeout
                0x080040dc      0x110 ./Drivers/STM32F4xx_HAL_Driver/Src/stm32f4xx_hal_spi.o
 .text.SPI_EndRxTxTransaction
                0x080041ec       0xa8 ./Drivers/STM32F4xx_HAL_Driver/Src/stm32f4xx_hal_spi.o
 .text.HAL_TIM_Base_Init
                0x08004294       0x9e ./Drivers/STM32F4xx_HAL_Driver/Src/stm32f4xx_hal_tim.o
                0x08004294                HAL_TIM_Base_Init
 *fill*         0x08004332        0x2 
 .text.HAL_TIM_Base_Start_IT
                0x08004334       0xe0 ./Drivers/STM32F4xx_HAL_Driver/Src/stm32f4xx_hal_tim.o
                0x08004334                HAL_TIM_Base_Start_IT
 .text.HAL_TIM_Base_Stop_IT
                0x08004414       0x5e ./Drivers/STM32F4xx_HAL_Driver/Src/stm32f4xx_hal_tim.o
                0x08004414                HAL_TIM_Base_Stop_IT
 .text.HAL_TIM_IRQHandler
                0x08004472      0x1e0 ./Drivers/STM32F4xx_HAL_Driver/Src/stm32f4xx_hal_tim.o
                0x08004472                HAL_TIM_IRQHandler
 .text.HAL_TIM_OC_DelayElapsedCallback
                0x08004652       0x14 ./Drivers/STM32F4xx_HAL_Driver/Src/stm32f4xx_hal_tim.o
                0x08004652                HAL_TIM_OC_DelayElapsedCallback
 .text.HAL_TIM_IC_CaptureCallback
                0x08004666       0x14 ./Drivers/STM32F4xx_HAL_Driver/Src/stm32f4xx_hal_tim.o
                0x08004666                HAL_TIM_IC_CaptureCallback
 .text.HAL_TIM_PWM_PulseFinishedCallback
                0x0800467a       0x14 ./Drivers/STM32F4xx_HAL_Driver/Src/stm32f4xx_hal_tim.o
                0x0800467a                HAL_TIM_PWM_PulseFinishedCallback
 .text.HAL_TIM_TriggerCallback
                0x0800468e       0x14 ./Drivers/STM32F4xx_HAL_Driver/Src/stm32f4xx_hal_tim.o
                0x0800468e                HAL_TIM_TriggerCallback
 *fill*         0x080046a2        0x2 
 .text.TIM_Base_SetConfig
                0x080046a4      0x158 ./Drivers/STM32F4xx_HAL_Driver/Src/stm32f4xx_hal_tim.o
                0x080046a4                TIM_Base_SetConfig
 .text.HAL_TIMEx_MasterConfigSynchronization
                0x080047fc       0xf8 ./Drivers/STM32F4xx_HAL_Driver/Src/stm32f4xx_hal_tim_ex.o
                0x080047fc                HAL_TIMEx_MasterConfigSynchronization
 .text.HAL_TIMEx_CommutCallback
                0x080048f4       0x14 ./Drivers/STM32F4xx_HAL_Driver/Src/stm32f4xx_hal_tim_ex.o
                0x080048f4                HAL_TIMEx_CommutCallback
 .text.HAL_TIMEx_BreakCallback
                0x08004908       0x14 ./Drivers/STM32F4xx_HAL_Driver/Src/stm32f4xx_hal_tim_ex.o
                0x08004908                HAL_TIMEx_BreakCallback
 .text.HAL_UART_Init
                0x0800491c       0xa0 ./Drivers/STM32F4xx_HAL_Driver/Src/stm32f4xx_hal_uart.o
                0x0800491c                HAL_UART_Init
 .text.HAL_UART_Transmit
                0x080049bc      0x116 ./Drivers/STM32F4xx_HAL_Driver/Src/stm32f4xx_hal_uart.o
                0x080049bc                HAL_UART_Transmit
 *fill*         0x08004ad2        0x2 
 .text.HAL_UART_Transmit_DMA
                0x08004ad4       0xe0 ./Drivers/STM32F4xx_HAL_Driver/Src/stm32f4xx_hal_uart.o
                0x08004ad4                HAL_UART_Transmit_DMA
 .text.HAL_UART_IRQHandler
                0x08004bb4      0x524 ./Drivers/STM32F4xx_HAL_Driver/Src/stm32f4xx_hal_uart.o
                0x08004bb4                HAL_UART_IRQHandler
 .text.HAL_UART_TxHalfCpltCallback
                0x080050d8       0x14 ./Drivers/STM32F4xx_HAL_Driver/Src/stm32f4xx_hal_uart.o
                0x080050d8                HAL_UART_TxHalfCpltCallback
 .text.HAL_UART_RxCpltCallback
                0x080050ec       0x14 ./Drivers/STM32F4xx_HAL_Driver/Src/stm32f4xx_hal_uart.o
                0x080050ec                HAL_UART_RxCpltCallback
 .text.HAL_UART_ErrorCallback
                0x08005100       0x14 ./Drivers/STM32F4xx_HAL_Driver/Src/stm32f4xx_hal_uart.o
                0x08005100                HAL_UART_ErrorCallback
 .text.HAL_UARTEx_RxEventCallback
                0x08005114       0x18 ./Drivers/STM32F4xx_HAL_Driver/Src/stm32f4xx_hal_uart.o
                0x08005114                HAL_UARTEx_RxEventCallback
 .text.UART_DMATransmitCplt
                0x0800512c       0x9a ./Drivers/STM32F4xx_HAL_Driver/Src/stm32f4xx_hal_uart.o
 .text.UART_DMATxHalfCplt
                0x080051c6       0x1c ./Drivers/STM32F4xx_HAL_Driver/Src/stm32f4xx_hal_uart.o
 .text.UART_DMAError
                0x080051e2       0x94 ./Drivers/STM32F4xx_HAL_Driver/Src/stm32f4xx_hal_uart.o
 .text.UART_WaitOnFlagUntilTimeout
                0x08005276       0xb2 ./Drivers/STM32F4xx_HAL_Driver/Src/stm32f4xx_hal_uart.o
 .text.UART_EndTxTransfer
                0x08005328       0x50 ./Drivers/STM32F4xx_HAL_Driver/Src/stm32f4xx_hal_uart.o
 .text.UART_EndRxTransfer
                0x08005378       0xc6 ./Drivers/STM32F4xx_HAL_Driver/Src/stm32f4xx_hal_uart.o
 .text.UART_DMAAbortOnError
                0x0800543e       0x28 ./Drivers/STM32F4xx_HAL_Driver/Src/stm32f4xx_hal_uart.o
 .text.UART_Transmit_IT
                0x08005466       0xa0 ./Drivers/STM32F4xx_HAL_Driver/Src/stm32f4xx_hal_uart.o
 .text.UART_EndTransmit_IT
                0x08005506       0x30 ./Drivers/STM32F4xx_HAL_Driver/Src/stm32f4xx_hal_uart.o
 .text.UART_Receive_IT
                0x08005536      0x17c ./Drivers/STM32F4xx_HAL_Driver/Src/stm32f4xx_hal_uart.o
 *fill*         0x080056b2        0x2 
 .text.UART_SetConfig
                0x080056b4      0x4e8 ./Drivers/STM32F4xx_HAL_Driver/Src/stm32f4xx_hal_uart.o
 .text.std      0x08005b9c       0x6c A:/Programas/STM32Cube/STM32CubeIDE_1.16.0/STM32CubeIDE/plugins/com.st.stm32cube.ide.mcu.externaltools.gnu-tools-for-stm32.13.3.rel1.win32_1.0.0.202411081344/tools/bin/../lib/gcc/arm-none-eabi/13.3.1/../../../../arm-none-eabi/lib/thumb/v7e-m+fp/hard\libc_nano.a(libc_a-findfp.o)
 .text.stdio_exit_handler
                0x08005c08       0x18 A:/Programas/STM32Cube/STM32CubeIDE_1.16.0/STM32CubeIDE/plugins/com.st.stm32cube.ide.mcu.externaltools.gnu-tools-for-stm32.13.3.rel1.win32_1.0.0.202411081344/tools/bin/../lib/gcc/arm-none-eabi/13.3.1/../../../../arm-none-eabi/lib/thumb/v7e-m+fp/hard\libc_nano.a(libc_a-findfp.o)
 .text.cleanup_stdio
                0x08005c20       0x40 A:/Programas/STM32Cube/STM32CubeIDE_1.16.0/STM32CubeIDE/plugins/com.st.stm32cube.ide.mcu.externaltools.gnu-tools-for-stm32.13.3.rel1.win32_1.0.0.202411081344/tools/bin/../lib/gcc/arm-none-eabi/13.3.1/../../../../arm-none-eabi/lib/thumb/v7e-m+fp/hard\libc_nano.a(libc_a-findfp.o)
 .text.global_stdio_init.part.0
                0x08005c60       0x3c A:/Programas/STM32Cube/STM32CubeIDE_1.16.0/STM32CubeIDE/plugins/com.st.stm32cube.ide.mcu.externaltools.gnu-tools-for-stm32.13.3.rel1.win32_1.0.0.202411081344/tools/bin/../lib/gcc/arm-none-eabi/13.3.1/../../../../arm-none-eabi/lib/thumb/v7e-m+fp/hard\libc_nano.a(libc_a-findfp.o)
 .text.__sfp_lock_acquire
                0x08005c9c        0xc A:/Programas/STM32Cube/STM32CubeIDE_1.16.0/STM32CubeIDE/plugins/com.st.stm32cube.ide.mcu.externaltools.gnu-tools-for-stm32.13.3.rel1.win32_1.0.0.202411081344/tools/bin/../lib/gcc/arm-none-eabi/13.3.1/../../../../arm-none-eabi/lib/thumb/v7e-m+fp/hard\libc_nano.a(libc_a-findfp.o)
                0x08005c9c                __sfp_lock_acquire
 .text.__sfp_lock_release
                0x08005ca8        0xc A:/Programas/STM32Cube/STM32CubeIDE_1.16.0/STM32CubeIDE/plugins/com.st.stm32cube.ide.mcu.externaltools.gnu-tools-for-stm32.13.3.rel1.win32_1.0.0.202411081344/tools/bin/../lib/gcc/arm-none-eabi/13.3.1/../../../../arm-none-eabi/lib/thumb/v7e-m+fp/hard\libc_nano.a(libc_a-findfp.o)
                0x08005ca8                __sfp_lock_release
 .text.__sinit  0x08005cb4       0x30 A:/Programas/STM32Cube/STM32CubeIDE_1.16.0/STM32CubeIDE/plugins/com.st.stm32cube.ide.mcu.externaltools.gnu-tools-for-stm32.13.3.rel1.win32_1.0.0.202411081344/tools/bin/../lib/gcc/arm-none-eabi/13.3.1/../../../../arm-none-eabi/lib/thumb/v7e-m+fp/hard\libc_nano.a(libc_a-findfp.o)
                0x08005cb4                __sinit
 .text._fwalk_sglue
                0x08005ce4       0x3c A:/Programas/STM32Cube/STM32CubeIDE_1.16.0/STM32CubeIDE/plugins/com.st.stm32cube.ide.mcu.externaltools.gnu-tools-for-stm32.13.3.rel1.win32_1.0.0.202411081344/tools/bin/../lib/gcc/arm-none-eabi/13.3.1/../../../../arm-none-eabi/lib/thumb/v7e-m+fp/hard\libc_nano.a(libc_a-fwalk.o)
                0x08005ce4                _fwalk_sglue
 .text.printf   0x08005d20       0x24 A:/Programas/STM32Cube/STM32CubeIDE_1.16.0/STM32CubeIDE/plugins/com.st.stm32cube.ide.mcu.externaltools.gnu-tools-for-stm32.13.3.rel1.win32_1.0.0.202411081344/tools/bin/../lib/gcc/arm-none-eabi/13.3.1/../../../../arm-none-eabi/lib/thumb/v7e-m+fp/hard\libc_nano.a(libc_a-printf.o)
                0x08005d20                iprintf
                0x08005d20                printf
 .text.setvbuf  0x08005d44      0x168 A:/Programas/STM32Cube/STM32CubeIDE_1.16.0/STM32CubeIDE/plugins/com.st.stm32cube.ide.mcu.externaltools.gnu-tools-for-stm32.13.3.rel1.win32_1.0.0.202411081344/tools/bin/../lib/gcc/arm-none-eabi/13.3.1/../../../../arm-none-eabi/lib/thumb/v7e-m+fp/hard\libc_nano.a(libc_a-setvbuf.o)
                0x08005d44                setvbuf
 .text.__sread  0x08005eac       0x22 A:/Programas/STM32Cube/STM32CubeIDE_1.16.0/STM32CubeIDE/plugins/com.st.stm32cube.ide.mcu.externaltools.gnu-tools-for-stm32.13.3.rel1.win32_1.0.0.202411081344/tools/bin/../lib/gcc/arm-none-eabi/13.3.1/../../../../arm-none-eabi/lib/thumb/v7e-m+fp/hard\libc_nano.a(libc_a-stdio.o)
                0x08005eac                __sread
 .text.__swrite
                0x08005ece       0x38 A:/Programas/STM32Cube/STM32CubeIDE_1.16.0/STM32CubeIDE/plugins/com.st.stm32cube.ide.mcu.externaltools.gnu-tools-for-stm32.13.3.rel1.win32_1.0.0.202411081344/tools/bin/../lib/gcc/arm-none-eabi/13.3.1/../../../../arm-none-eabi/lib/thumb/v7e-m+fp/hard\libc_nano.a(libc_a-stdio.o)
                0x08005ece                __swrite
 .text.__sseek  0x08005f06       0x24 A:/Programas/STM32Cube/STM32CubeIDE_1.16.0/STM32CubeIDE/plugins/com.st.stm32cube.ide.mcu.externaltools.gnu-tools-for-stm32.13.3.rel1.win32_1.0.0.202411081344/tools/bin/../lib/gcc/arm-none-eabi/13.3.1/../../../../arm-none-eabi/lib/thumb/v7e-m+fp/hard\libc_nano.a(libc_a-stdio.o)
                0x08005f06                __sseek
 .text.__sclose
                0x08005f2a        0x8 A:/Programas/STM32Cube/STM32CubeIDE_1.16.0/STM32CubeIDE/plugins/com.st.stm32cube.ide.mcu.externaltools.gnu-tools-for-stm32.13.3.rel1.win32_1.0.0.202411081344/tools/bin/../lib/gcc/arm-none-eabi/13.3.1/../../../../arm-none-eabi/lib/thumb/v7e-m+fp/hard\libc_nano.a(libc_a-stdio.o)
                0x08005f2a                __sclose
 .text.memset   0x08005f32       0x10 A:/Programas/STM32Cube/STM32CubeIDE_1.16.0/STM32CubeIDE/plugins/com.st.stm32cube.ide.mcu.externaltools.gnu-tools-for-stm32.13.3.rel1.win32_1.0.0.202411081344/tools/bin/../lib/gcc/arm-none-eabi/13.3.1/../../../../arm-none-eabi/lib/thumb/v7e-m+fp/hard\libc_nano.a(libc_a-memset.o)
                0x08005f32                memset
 *fill*         0x08005f42        0x2 
 .text._close_r
                0x08005f44       0x20 A:/Programas/STM32Cube/STM32CubeIDE_1.16.0/STM32CubeIDE/plugins/com.st.stm32cube.ide.mcu.externaltools.gnu-tools-for-stm32.13.3.rel1.win32_1.0.0.202411081344/tools/bin/../lib/gcc/arm-none-eabi/13.3.1/../../../../arm-none-eabi/lib/thumb/v7e-m+fp/hard\libc_nano.a(libc_a-closer.o)
                0x08005f44                _close_r
 .text._lseek_r
                0x08005f64       0x24 A:/Programas/STM32Cube/STM32CubeIDE_1.16.0/STM32CubeIDE/plugins/com.st.stm32cube.ide.mcu.externaltools.gnu-tools-for-stm32.13.3.rel1.win32_1.0.0.202411081344/tools/bin/../lib/gcc/arm-none-eabi/13.3.1/../../../../arm-none-eabi/lib/thumb/v7e-m+fp/hard\libc_nano.a(libc_a-lseekr.o)
                0x08005f64                _lseek_r
 .text._read_r  0x08005f88       0x24 A:/Programas/STM32Cube/STM32CubeIDE_1.16.0/STM32CubeIDE/plugins/com.st.stm32cube.ide.mcu.externaltools.gnu-tools-for-stm32.13.3.rel1.win32_1.0.0.202411081344/tools/bin/../lib/gcc/arm-none-eabi/13.3.1/../../../../arm-none-eabi/lib/thumb/v7e-m+fp/hard\libc_nano.a(libc_a-readr.o)
                0x08005f88                _read_r
 .text._write_r
                0x08005fac       0x24 A:/Programas/STM32Cube/STM32CubeIDE_1.16.0/STM32CubeIDE/plugins/com.st.stm32cube.ide.mcu.externaltools.gnu-tools-for-stm32.13.3.rel1.win32_1.0.0.202411081344/tools/bin/../lib/gcc/arm-none-eabi/13.3.1/../../../../arm-none-eabi/lib/thumb/v7e-m+fp/hard\libc_nano.a(libc_a-writer.o)
                0x08005fac                _write_r
 .text.__errno  0x08005fd0        0xc A:/Programas/STM32Cube/STM32CubeIDE_1.16.0/STM32CubeIDE/plugins/com.st.stm32cube.ide.mcu.externaltools.gnu-tools-for-stm32.13.3.rel1.win32_1.0.0.202411081344/tools/bin/../lib/gcc/arm-none-eabi/13.3.1/../../../../arm-none-eabi/lib/thumb/v7e-m+fp/hard\libc_nano.a(libc_a-errno.o)
                0x08005fd0                __errno
 .text.__libc_init_array
                0x08005fdc       0x48 A:/Programas/STM32Cube/STM32CubeIDE_1.16.0/STM32CubeIDE/plugins/com.st.stm32cube.ide.mcu.externaltools.gnu-tools-for-stm32.13.3.rel1.win32_1.0.0.202411081344/tools/bin/../lib/gcc/arm-none-eabi/13.3.1/../../../../arm-none-eabi/lib/thumb/v7e-m+fp/hard\libc_nano.a(libc_a-init.o)
                0x08005fdc                __libc_init_array
 .text.__retarget_lock_init_recursive
                0x08006024        0x2 A:/Programas/STM32Cube/STM32CubeIDE_1.16.0/STM32CubeIDE/plugins/com.st.stm32cube.ide.mcu.externaltools.gnu-tools-for-stm32.13.3.rel1.win32_1.0.0.202411081344/tools/bin/../lib/gcc/arm-none-eabi/13.3.1/../../../../arm-none-eabi/lib/thumb/v7e-m+fp/hard\libc_nano.a(libc_a-lock.o)
                0x08006024                __retarget_lock_init_recursive
 .text.__retarget_lock_acquire_recursive
                0x08006026        0x2 A:/Programas/STM32Cube/STM32CubeIDE_1.16.0/STM32CubeIDE/plugins/com.st.stm32cube.ide.mcu.externaltools.gnu-tools-for-stm32.13.3.rel1.win32_1.0.0.202411081344/tools/bin/../lib/gcc/arm-none-eabi/13.3.1/../../../../arm-none-eabi/lib/thumb/v7e-m+fp/hard\libc_nano.a(libc_a-lock.o)
                0x08006026                __retarget_lock_acquire_recursive
 .text.__retarget_lock_release_recursive
                0x08006028        0x2 A:/Programas/STM32Cube/STM32CubeIDE_1.16.0/STM32CubeIDE/plugins/com.st.stm32cube.ide.mcu.externaltools.gnu-tools-for-stm32.13.3.rel1.win32_1.0.0.202411081344/tools/bin/../lib/gcc/arm-none-eabi/13.3.1/../../../../arm-none-eabi/lib/thumb/v7e-m+fp/hard\libc_nano.a(libc_a-lock.o)
                0x08006028                __retarget_lock_release_recursive
 .text.strcpy   0x0800602a       0x10 A:/Programas/STM32Cube/STM32CubeIDE_1.16.0/STM32CubeIDE/plugins/com.st.stm32cube.ide.mcu.externaltools.gnu-tools-for-stm32.13.3.rel1.win32_1.0.0.202411081344/tools/bin/../lib/gcc/arm-none-eabi/13.3.1/../../../../arm-none-eabi/lib/thumb/v7e-m+fp/hard\libc_nano.a(libc_a-strcpy.o)
                0x0800602a                strcpy
 .text.memcpy   0x0800603a       0x1c A:/Programas/STM32Cube/STM32CubeIDE_1.16.0/STM32CubeIDE/plugins/com.st.stm32cube.ide.mcu.externaltools.gnu-tools-for-stm32.13.3.rel1.win32_1.0.0.202411081344/tools/bin/../lib/gcc/arm-none-eabi/13.3.1/../../../../arm-none-eabi/lib/thumb/v7e-m+fp/hard\libc_nano.a(libc_a-memcpy-stub.o)
                0x0800603a                memcpy
 *fill*         0x08006056        0x2 
 .text._free_r  0x08006058       0x94 A:/Programas/STM32Cube/STM32CubeIDE_1.16.0/STM32CubeIDE/plugins/com.st.stm32cube.ide.mcu.externaltools.gnu-tools-for-stm32.13.3.rel1.win32_1.0.0.202411081344/tools/bin/../lib/gcc/arm-none-eabi/13.3.1/../../../../arm-none-eabi/lib/thumb/v7e-m+fp/hard\libc_nano.a(libc_a-freer.o)
                0x08006058                _free_r
 .text.malloc   0x080060ec       0x10 A:/Programas/STM32Cube/STM32CubeIDE_1.16.0/STM32CubeIDE/plugins/com.st.stm32cube.ide.mcu.externaltools.gnu-tools-for-stm32.13.3.rel1.win32_1.0.0.202411081344/tools/bin/../lib/gcc/arm-none-eabi/13.3.1/../../../../arm-none-eabi/lib/thumb/v7e-m+fp/hard\libc_nano.a(libc_a-malloc.o)
                0x080060ec                malloc
 .text.sbrk_aligned
                0x080060fc       0x44 A:/Programas/STM32Cube/STM32CubeIDE_1.16.0/STM32CubeIDE/plugins/com.st.stm32cube.ide.mcu.externaltools.gnu-tools-for-stm32.13.3.rel1.win32_1.0.0.202411081344/tools/bin/../lib/gcc/arm-none-eabi/13.3.1/../../../../arm-none-eabi/lib/thumb/v7e-m+fp/hard\libc_nano.a(libc_a-mallocr.o)
 .text._malloc_r
                0x08006140      0x100 A:/Programas/STM32Cube/STM32CubeIDE_1.16.0/STM32CubeIDE/plugins/com.st.stm32cube.ide.mcu.externaltools.gnu-tools-for-stm32.13.3.rel1.win32_1.0.0.202411081344/tools/bin/../lib/gcc/arm-none-eabi/13.3.1/../../../../arm-none-eabi/lib/thumb/v7e-m+fp/hard\libc_nano.a(libc_a-mallocr.o)
                0x08006140                _malloc_r
 .text.__malloc_lock
                0x08006240        0xc A:/Programas/STM32Cube/STM32CubeIDE_1.16.0/STM32CubeIDE/plugins/com.st.stm32cube.ide.mcu.externaltools.gnu-tools-for-stm32.13.3.rel1.win32_1.0.0.202411081344/tools/bin/../lib/gcc/arm-none-eabi/13.3.1/../../../../arm-none-eabi/lib/thumb/v7e-m+fp/hard\libc_nano.a(libc_a-mlock.o)
                0x08006240                __malloc_lock
 .text.__malloc_unlock
                0x0800624c        0xc A:/Programas/STM32Cube/STM32CubeIDE_1.16.0/STM32CubeIDE/plugins/com.st.stm32cube.ide.mcu.externaltools.gnu-tools-for-stm32.13.3.rel1.win32_1.0.0.202411081344/tools/bin/../lib/gcc/arm-none-eabi/13.3.1/../../../../arm-none-eabi/lib/thumb/v7e-m+fp/hard\libc_nano.a(libc_a-mlock.o)
                0x0800624c                __malloc_unlock
 .text.__sfputc_r
                0x08006258       0x2e A:/Programas/STM32Cube/STM32CubeIDE_1.16.0/STM32CubeIDE/plugins/com.st.stm32cube.ide.mcu.externaltools.gnu-tools-for-stm32.13.3.rel1.win32_1.0.0.202411081344/tools/bin/../lib/gcc/arm-none-eabi/13.3.1/../../../../arm-none-eabi/lib/thumb/v7e-m+fp/hard\libc_nano.a(libc_a-nano-vfprintf.o)
 .text.__sfputs_r
                0x08006286       0x24 A:/Programas/STM32Cube/STM32CubeIDE_1.16.0/STM32CubeIDE/plugins/com.st.stm32cube.ide.mcu.externaltools.gnu-tools-for-stm32.13.3.rel1.win32_1.0.0.202411081344/tools/bin/../lib/gcc/arm-none-eabi/13.3.1/../../../../arm-none-eabi/lib/thumb/v7e-m+fp/hard\libc_nano.a(libc_a-nano-vfprintf.o)
                0x08006286                __sfputs_r
 *fill*         0x080062aa        0x2 
 .text._vfprintf_r
                0x080062ac      0x230 A:/Programas/STM32Cube/STM32CubeIDE_1.16.0/STM32CubeIDE/plugins/com.st.stm32cube.ide.mcu.externaltools.gnu-tools-for-stm32.13.3.rel1.win32_1.0.0.202411081344/tools/bin/../lib/gcc/arm-none-eabi/13.3.1/../../../../arm-none-eabi/lib/thumb/v7e-m+fp/hard\libc_nano.a(libc_a-nano-vfprintf.o)
                0x080062ac                _vfprintf_r
                0x080062ac                _vfiprintf_r
 .text._printf_common
                0x080064dc       0xda A:/Programas/STM32Cube/STM32CubeIDE_1.16.0/STM32CubeIDE/plugins/com.st.stm32cube.ide.mcu.externaltools.gnu-tools-for-stm32.13.3.rel1.win32_1.0.0.202411081344/tools/bin/../lib/gcc/arm-none-eabi/13.3.1/../../../../arm-none-eabi/lib/thumb/v7e-m+fp/hard\libc_nano.a(libc_a-nano-vfprintf_i.o)
                0x080064dc                _printf_common
 *fill*         0x080065b6        0x2 
 .text._printf_i
                0x080065b8      0x23c A:/Programas/STM32Cube/STM32CubeIDE_1.16.0/STM32CubeIDE/plugins/com.st.stm32cube.ide.mcu.externaltools.gnu-tools-for-stm32.13.3.rel1.win32_1.0.0.202411081344/tools/bin/../lib/gcc/arm-none-eabi/13.3.1/../../../../arm-none-eabi/lib/thumb/v7e-m+fp/hard\libc_nano.a(libc_a-nano-vfprintf_i.o)
                0x080065b8                _printf_i
 .text.__sflush_r
                0x080067f4      0x108 A:/Programas/STM32Cube/STM32CubeIDE_1.16.0/STM32CubeIDE/plugins/com.st.stm32cube.ide.mcu.externaltools.gnu-tools-for-stm32.13.3.rel1.win32_1.0.0.202411081344/tools/bin/../lib/gcc/arm-none-eabi/13.3.1/../../../../arm-none-eabi/lib/thumb/v7e-m+fp/hard\libc_nano.a(libc_a-fflush.o)
                0x080067f4                __sflush_r
 .text._fflush_r
                0x080068fc       0x50 A:/Programas/STM32Cube/STM32CubeIDE_1.16.0/STM32CubeIDE/plugins/com.st.stm32cube.ide.mcu.externaltools.gnu-tools-for-stm32.13.3.rel1.win32_1.0.0.202411081344/tools/bin/../lib/gcc/arm-none-eabi/13.3.1/../../../../arm-none-eabi/lib/thumb/v7e-m+fp/hard\libc_nano.a(libc_a-fflush.o)
                0x080068fc                _fflush_r
 .text.__swhatbuf_r
                0x0800694c       0x4c A:/Programas/STM32Cube/STM32CubeIDE_1.16.0/STM32CubeIDE/plugins/com.st.stm32cube.ide.mcu.externaltools.gnu-tools-for-stm32.13.3.rel1.win32_1.0.0.202411081344/tools/bin/../lib/gcc/arm-none-eabi/13.3.1/../../../../arm-none-eabi/lib/thumb/v7e-m+fp/hard\libc_nano.a(libc_a-makebuf.o)
                0x0800694c                __swhatbuf_r
 .text.__smakebuf_r
                0x08006998       0x78 A:/Programas/STM32Cube/STM32CubeIDE_1.16.0/STM32CubeIDE/plugins/com.st.stm32cube.ide.mcu.externaltools.gnu-tools-for-stm32.13.3.rel1.win32_1.0.0.202411081344/tools/bin/../lib/gcc/arm-none-eabi/13.3.1/../../../../arm-none-eabi/lib/thumb/v7e-m+fp/hard\libc_nano.a(libc_a-makebuf.o)
                0x08006998                __smakebuf_r
 .text.__swbuf_r
                0x08006a10       0x7c A:/Programas/STM32Cube/STM32CubeIDE_1.16.0/STM32CubeIDE/plugins/com.st.stm32cube.ide.mcu.externaltools.gnu-tools-for-stm32.13.3.rel1.win32_1.0.0.202411081344/tools/bin/../lib/gcc/arm-none-eabi/13.3.1/../../../../arm-none-eabi/lib/thumb/v7e-m+fp/hard\libc_nano.a(libc_a-wbuf.o)
                0x08006a10                __swbuf_r
 .text.__swsetup_r
                0x08006a8c       0xac A:/Programas/STM32Cube/STM32CubeIDE_1.16.0/STM32CubeIDE/plugins/com.st.stm32cube.ide.mcu.externaltools.gnu-tools-for-stm32.13.3.rel1.win32_1.0.0.202411081344/tools/bin/../lib/gcc/arm-none-eabi/13.3.1/../../../../arm-none-eabi/lib/thumb/v7e-m+fp/hard\libc_nano.a(libc_a-wsetup.o)
                0x08006a8c                __swsetup_r
 .text._fstat_r
                0x08006b38       0x24 A:/Programas/STM32Cube/STM32CubeIDE_1.16.0/STM32CubeIDE/plugins/com.st.stm32cube.ide.mcu.externaltools.gnu-tools-for-stm32.13.3.rel1.win32_1.0.0.202411081344/tools/bin/../lib/gcc/arm-none-eabi/13.3.1/../../../../arm-none-eabi/lib/thumb/v7e-m+fp/hard\libc_nano.a(libc_a-fstatr.o)
                0x08006b38                _fstat_r
 .text._isatty_r
                0x08006b5c       0x20 A:/Programas/STM32Cube/STM32CubeIDE_1.16.0/STM32CubeIDE/plugins/com.st.stm32cube.ide.mcu.externaltools.gnu-tools-for-stm32.13.3.rel1.win32_1.0.0.202411081344/tools/bin/../lib/gcc/arm-none-eabi/13.3.1/../../../../arm-none-eabi/lib/thumb/v7e-m+fp/hard\libc_nano.a(libc_a-isattyr.o)
                0x08006b5c                _isatty_r
 .text._sbrk_r  0x08006b7c       0x20 A:/Programas/STM32Cube/STM32CubeIDE_1.16.0/STM32CubeIDE/plugins/com.st.stm32cube.ide.mcu.externaltools.gnu-tools-for-stm32.13.3.rel1.win32_1.0.0.202411081344/tools/bin/../lib/gcc/arm-none-eabi/13.3.1/../../../../arm-none-eabi/lib/thumb/v7e-m+fp/hard\libc_nano.a(libc_a-sbrkr.o)
                0x08006b7c                _sbrk_r
 *(.glue_7)
 .glue_7        0x08006b9c        0x0 linker stubs
 *(.glue_7t)
 .glue_7t       0x08006b9c        0x0 linker stubs
 *(.eh_frame)
 .eh_frame      0x08006b9c        0x0 A:/Programas/STM32Cube/STM32CubeIDE_1.16.0/STM32CubeIDE/plugins/com.st.stm32cube.ide.mcu.externaltools.gnu-tools-for-stm32.13.3.rel1.win32_1.0.0.202411081344/tools/bin/../lib/gcc/arm-none-eabi/13.3.1/thumb/v7e-m+fp/hard/crtbegin.o
 *(.init)
 .init          0x08006b9c        0x4 A:/Programas/STM32Cube/STM32CubeIDE_1.16.0/STM32CubeIDE/plugins/com.st.stm32cube.ide.mcu.externaltools.gnu-tools-for-stm32.13.3.rel1.win32_1.0.0.202411081344/tools/bin/../lib/gcc/arm-none-eabi/13.3.1/thumb/v7e-m+fp/hard/crti.o
                0x08006b9c                _init
 .init          0x08006ba0        0x8 A:/Programas/STM32Cube/STM32CubeIDE_1.16.0/STM32CubeIDE/plugins/com.st.stm32cube.ide.mcu.externaltools.gnu-tools-for-stm32.13.3.rel1.win32_1.0.0.202411081344/tools/bin/../lib/gcc/arm-none-eabi/13.3.1/thumb/v7e-m+fp/hard/crtn.o
 *(.fini)
 .fini          0x08006ba8        0x4 A:/Programas/STM32Cube/STM32CubeIDE_1.16.0/STM32CubeIDE/plugins/com.st.stm32cube.ide.mcu.externaltools.gnu-tools-for-stm32.13.3.rel1.win32_1.0.0.202411081344/tools/bin/../lib/gcc/arm-none-eabi/13.3.1/thumb/v7e-m+fp/hard/crti.o
                0x08006ba8                _fini
 .fini          0x08006bac        0x8 A:/Programas/STM32Cube/STM32CubeIDE_1.16.0/STM32CubeIDE/plugins/com.st.stm32cube.ide.mcu.externaltools.gnu-tools-for-stm32.13.3.rel1.win32_1.0.0.202411081344/tools/bin/../lib/gcc/arm-none-eabi/13.3.1/thumb/v7e-m+fp/hard/crtn.o
                0x08006bb4                        . = ALIGN (0x4)
                0x08006bb4                        _etext = .

.vfp11_veneer   0x08006bb4        0x0
 .vfp11_veneer  0x08006bb4        0x0 linker stubs

.v4_bx          0x08006bb4        0x0
 .v4_bx         0x08006bb4        0x0 linker stubs

.iplt           0x08006bb4        0x0
 .iplt          0x08006bb4        0x0 A:/Programas/STM32Cube/STM32CubeIDE_1.16.0/STM32CubeIDE/plugins/com.st.stm32cube.ide.mcu.externaltools.gnu-tools-for-stm32.13.3.rel1.win32_1.0.0.202411081344/tools/bin/../lib/gcc/arm-none-eabi/13.3.1/thumb/v7e-m+fp/hard/crtbegin.o

.rodata         0x08006bb4       0xb0
                0x08006bb4                        . = ALIGN (0x4)
 *(.rodata)
 .rodata        0x08006bb4       0x44 ./Application/app.o
 .rodata        0x08006bf8        0xe ./Drivers/BSP/NRF24L01/nrf24l01.o
 *(.rodata*)
 *fill*         0x08006c06        0x2 
 .rodata.AHBPrescTable
                0x08006c08       0x10 ./Core/Src/system_stm32f4xx.o
                0x08006c08                AHBPrescTable
 .rodata.APBPrescTable
                0x08006c18        0x8 ./Core/Src/system_stm32f4xx.o
                0x08006c18                APBPrescTable
 .rodata.GPIO_PIN
                0x08006c20        0x8 ./Drivers/BSP/Discovery/led.o
                0x08006c20                GPIO_PIN
 .rodata.flagBitshiftOffset.0
                0x08006c28        0x8 ./Drivers/STM32F4xx_HAL_Driver/Src/stm32f4xx_hal_dma.o
 .rodata._vfprintf_r.str1.1
                0x08006c30       0x33 A:/Programas/STM32Cube/STM32CubeIDE_1.16.0/STM32CubeIDE/plugins/com.st.stm32cube.ide.mcu.externaltools.gnu-tools-for-stm32.13.3.rel1.win32_1.0.0.202411081344/tools/bin/../lib/gcc/arm-none-eabi/13.3.1/../../../../arm-none-eabi/lib/thumb/v7e-m+fp/hard\libc_nano.a(libc_a-nano-vfprintf.o)
                                 0x11 (size before relaxing)
 .rodata._printf_i.str1.1
                0x08006c63       0x22 A:/Programas/STM32Cube/STM32CubeIDE_1.16.0/STM32CubeIDE/plugins/com.st.stm32cube.ide.mcu.externaltools.gnu-tools-for-stm32.13.3.rel1.win32_1.0.0.202411081344/tools/bin/../lib/gcc/arm-none-eabi/13.3.1/../../../../arm-none-eabi/lib/thumb/v7e-m+fp/hard\libc_nano.a(libc_a-nano-vfprintf_i.o)
                0x08006c88                        . = ALIGN (0x4)
 *fill*         0x08006c63        0x1 

.ARM.extab      0x08006c64        0x0
                0x08006c64                        . = ALIGN (0x4)
 *(.ARM.extab* .gnu.linkonce.armextab.*)
                0x08006c64                        . = ALIGN (0x4)

.ARM            0x08006c64        0x8
                0x08006c64                        . = ALIGN (0x4)
                0x08006c64                        __exidx_start = .
 *(.ARM.exidx*)
 .ARM.exidx     0x08006c64        0x8 A:/Programas/STM32Cube/STM32CubeIDE_1.16.0/STM32CubeIDE/plugins/com.st.stm32cube.ide.mcu.externaltools.gnu-tools-for-stm32.13.3.rel1.win32_1.0.0.202411081344/tools/bin/../lib/gcc/arm-none-eabi/13.3.1/../../../../arm-none-eabi/lib/thumb/v7e-m+fp/hard\libc_nano.a(libc_a-memchr.o)
 .ARM.exidx     0x08006c6c        0x0 A:/Programas/STM32Cube/STM32CubeIDE_1.16.0/STM32CubeIDE/plugins/com.st.stm32cube.ide.mcu.externaltools.gnu-tools-for-stm32.13.3.rel1.win32_1.0.0.202411081344/tools/bin/../lib/gcc/arm-none-eabi/13.3.1/thumb/v7e-m+fp/hard\libgcc.a(_udivmoddi4.o)
                                  0x8 (size before relaxing)
                0x08006c6c                        __exidx_end = .
                0x08006c6c                        . = ALIGN (0x4)

.preinit_array  0x08006c6c        0x0
                0x08006c6c                        . = ALIGN (0x4)
                0x08006c6c                        PROVIDE (__preinit_array_start = .)
 *(.preinit_array*)
                0x08006c6c                        PROVIDE (__preinit_array_end = .)
                0x08006c6c                        . = ALIGN (0x4)

.init_array     0x08006c6c        0x4
                0x08006c6c                        . = ALIGN (0x4)
                0x08006c6c                        PROVIDE (__init_array_start = .)
 *(SORT_BY_NAME(.init_array.*))
 *(.init_array*)
 .init_array    0x08006c6c        0x4 A:/Programas/STM32Cube/STM32CubeIDE_1.16.0/STM32CubeIDE/plugins/com.st.stm32cube.ide.mcu.externaltools.gnu-tools-for-stm32.13.3.rel1.win32_1.0.0.202411081344/tools/bin/../lib/gcc/arm-none-eabi/13.3.1/thumb/v7e-m+fp/hard/crtbegin.o
                0x08006c70                        PROVIDE (__init_array_end = .)
                0x08006c70                        . = ALIGN (0x4)

.fini_array     0x08006c70        0x4
                0x08006c70                        . = ALIGN (0x4)
                [!provide]                        PROVIDE (__fini_array_start = .)
 *(SORT_BY_NAME(.fini_array.*))
 *(.fini_array*)
 .fini_array    0x08006c70        0x4 A:/Programas/STM32Cube/STM32CubeIDE_1.16.0/STM32CubeIDE/plugins/com.st.stm32cube.ide.mcu.externaltools.gnu-tools-for-stm32.13.3.rel1.win32_1.0.0.202411081344/tools/bin/../lib/gcc/arm-none-eabi/13.3.1/thumb/v7e-m+fp/hard/crtbegin.o
                [!provide]                        PROVIDE (__fini_array_end = .)
                0x08006c74                        . = ALIGN (0x4)
                0x08006c74                        _sidata = LOADADDR (.data)

.rel.dyn        0x08006c74        0x0
 .rel.iplt      0x08006c74        0x0 A:/Programas/STM32Cube/STM32CubeIDE_1.16.0/STM32CubeIDE/plugins/com.st.stm32cube.ide.mcu.externaltools.gnu-tools-for-stm32.13.3.rel1.win32_1.0.0.202411081344/tools/bin/../lib/gcc/arm-none-eabi/13.3.1/thumb/v7e-m+fp/hard/crtbegin.o

.data           0x20000000       0x88 load address 0x08006c74
                0x20000000                        . = ALIGN (0x4)
                0x20000000                        _sdata = .
 *(.data)
 *(.data*)
 .data.rx_address
                0x20000000        0x5 ./Application/app.o
                0x20000000                rx_address
 *fill*         0x20000005        0x3 
 .data.SystemCoreClock
                0x20000008        0x4 ./Core/Src/system_stm32f4xx.o
                0x20000008                SystemCoreClock
 .data.dma_transfer_complete
                0x2000000c        0x1 ./Drivers/BSP/DMX512/dmx512.o
 .data.DMX_Stop
                0x2000000d        0x1 ./Drivers/BSP/DMX512/dmx512.o
 *fill*         0x2000000e        0x2 
 .data.GPIO_PORT
                0x20000010       0x10 ./Drivers/BSP/Discovery/led.o
                0x20000010                GPIO_PORT
 .data.BUTTON_PORT
                0x20000020        0x4 ./Drivers/BSP/Discovery/pushbutton.o
                0x20000020                BUTTON_PORT
 .data.uwTickPrio
                0x20000024        0x4 ./Drivers/STM32F4xx_HAL_Driver/Src/stm32f4xx_hal.o
                0x20000024                uwTickPrio
 .data.uwTickFreq
                0x20000028        0x1 ./Drivers/STM32F4xx_HAL_Driver/Src/stm32f4xx_hal.o
                0x20000028                uwTickFreq
 *fill*         0x20000029        0x3 
 .data.__sglue  0x2000002c        0xc A:/Programas/STM32Cube/STM32CubeIDE_1.16.0/STM32CubeIDE/plugins/com.st.stm32cube.ide.mcu.externaltools.gnu-tools-for-stm32.13.3.rel1.win32_1.0.0.202411081344/tools/bin/../lib/gcc/arm-none-eabi/13.3.1/../../../../arm-none-eabi/lib/thumb/v7e-m+fp/hard\libc_nano.a(libc_a-findfp.o)
                0x2000002c                __sglue
 .data._impure_ptr
                0x20000038        0x4 A:/Programas/STM32Cube/STM32CubeIDE_1.16.0/STM32CubeIDE/plugins/com.st.stm32cube.ide.mcu.externaltools.gnu-tools-for-stm32.13.3.rel1.win32_1.0.0.202411081344/tools/bin/../lib/gcc/arm-none-eabi/13.3.1/../../../../arm-none-eabi/lib/thumb/v7e-m+fp/hard\libc_nano.a(libc_a-impure.o)
                0x20000038                _impure_ptr
 .data._impure_data
                0x2000003c       0x4c A:/Programas/STM32Cube/STM32CubeIDE_1.16.0/STM32CubeIDE/plugins/com.st.stm32cube.ide.mcu.externaltools.gnu-tools-for-stm32.13.3.rel1.win32_1.0.0.202411081344/tools/bin/../lib/gcc/arm-none-eabi/13.3.1/../../../../arm-none-eabi/lib/thumb/v7e-m+fp/hard\libc_nano.a(libc_a-impure.o)
                0x2000003c                _impure_data
 *(.RamFunc)
 *(.RamFunc*)
                0x20000088                        . = ALIGN (0x4)
                0x20000088                        _edata = .
                0x08006cfc                        _siccmram = LOADADDR (.ccmram)

.igot.plt       0x20000088        0x0 load address 0x08006cfc
 .igot.plt      0x20000088        0x0 A:/Programas/STM32Cube/STM32CubeIDE_1.16.0/STM32CubeIDE/plugins/com.st.stm32cube.ide.mcu.externaltools.gnu-tools-for-stm32.13.3.rel1.win32_1.0.0.202411081344/tools/bin/../lib/gcc/arm-none-eabi/13.3.1/thumb/v7e-m+fp/hard/crtbegin.o

.ccmram         0x10000000        0x0 load address 0x08006cfc
                0x10000000                        . = ALIGN (0x4)
                0x10000000                        _sccmram = .
 *(.ccmram)
 *(.ccmram*)
                0x10000000                        . = ALIGN (0x4)
                0x10000000                        _eccmram = .
                0x10000000                        . = ALIGN (0x4)

.bss            0x20000088      0x678
                0x20000088                        _sbss = .
                0x20000088                        __bss_start__ = _sbss
 *(.bss)
 .bss           0x20000088       0x1c A:/Programas/STM32Cube/STM32CubeIDE_1.16.0/STM32CubeIDE/plugins/com.st.stm32cube.ide.mcu.externaltools.gnu-tools-for-stm32.13.3.rel1.win32_1.0.0.202411081344/tools/bin/../lib/gcc/arm-none-eabi/13.3.1/thumb/v7e-m+fp/hard/crtbegin.o
 *(.bss*)
 .bss.i         0x200000a4        0x1 ./Application/app.o
                0x200000a4                i
 *fill*         0x200000a5        0x3 
 .bss.rx_data   0x200000a8       0x20 ./Application/app.o
                0x200000a8                rx_data
 .bss.rx_len    0x200000c8        0x1 ./Application/app.o
                0x200000c8                rx_len
 *fill*         0x200000c9        0x3 
 .bss.NRF24_DataReceived_time
                0x200000cc        0x4 ./Application/app.o
                0x200000cc                NRF24_DataReceived_time
 .bss.hspi2     0x200000d0       0x58 ./Core/Src/main.o
                0x200000d0                hspi2
 .bss.htim6     0x20000128       0x48 ./Core/Src/main.o
                0x20000128                htim6
 .bss.huart2    0x20000170       0x48 ./Core/Src/main.o
                0x20000170                huart2
 .bss.huart6    0x200001b8       0x48 ./Core/Src/main.o
                0x200001b8                huart6
 .bss.hdma_usart6_tx
                0x20000200       0x60 ./Core/Src/main.o
                0x20000200                hdma_usart6_tx
 .bss.__sbrk_heap_end
                0x20000260        0x4 ./Core/Src/sysmem.o
 .bss.dmx_huart
                0x20000264        0x4 ./Drivers/BSP/DMX512/dmx512.o
 .bss.dmx_htim  0x20000268        0x4 ./Drivers/BSP/DMX512/dmx512.o
 .bss.dmx_buffer
                0x2000026c      0x201 ./Drivers/BSP/DMX512/dmx512.o
 .bss.delay_complete
                0x2000046d        0x1 ./Drivers/BSP/DMX512/dmx512.o
 .bss.dmx_state
                0x2000046e        0x1 ./Drivers/BSP/DMX512/dmx512.o
 *fill*         0x2000046f        0x1 
 .bss.last_frame_time
                0x20000470        0x4 ./Drivers/BSP/DMX512/dmx512.o
 .bss.UART_isRecived
                0x20000474        0x1 ./Drivers/BSP/Debug/uart_debug.o
                0x20000474                UART_isRecived
 *fill*         0x20000475        0x3 
 .bss.UART_RxBuf
                0x20000478       0x64 ./Drivers/BSP/Debug/uart_debug.o
                0x20000478                UART_RxBuf
 .bss.UART_RxPos
                0x200004dc        0x1 ./Drivers/BSP/Debug/uart_debug.o
                0x200004dc                UART_RxPos
 *fill*         0x200004dd        0x3 
 .bss.huart_debug
                0x200004e0        0x4 ./Drivers/BSP/Debug/uart_debug.o
                0x200004e0                huart_debug
 .bss.hspi_nrf  0x200004e4        0x4 ./Drivers/BSP/NRF24L01/nrf24l01.o
                0x200004e4                hspi_nrf
 .bss.NRF24_RecivData
                0x200004e8       0xc0 ./Drivers/BSP/NRF24L01/nrf24l01.o
                0x200004e8                NRF24_RecivData
 .bss.NRF24_isRecivedData
                0x200005a8        0x6 ./Drivers/BSP/NRF24L01/nrf24l01.o
                0x200005a8                NRF24_isRecivedData
 .bss.NRF24_currentMode
                0x200005ae        0x1 ./Drivers/BSP/NRF24L01/nrf24l01.o
                0x200005ae                NRF24_currentMode
 .bss.NRF24_confOptions
                0x200005af        0x1 ./Drivers/BSP/NRF24L01/nrf24l01.o
                0x200005af                NRF24_confOptions
 .bss.uwTick    0x200005b0        0x4 ./Drivers/STM32F4xx_HAL_Driver/Src/stm32f4xx_hal.o
                0x200005b0                uwTick
 .bss.__sf      0x200005b4      0x138 A:/Programas/STM32Cube/STM32CubeIDE_1.16.0/STM32CubeIDE/plugins/com.st.stm32cube.ide.mcu.externaltools.gnu-tools-for-stm32.13.3.rel1.win32_1.0.0.202411081344/tools/bin/../lib/gcc/arm-none-eabi/13.3.1/../../../../arm-none-eabi/lib/thumb/v7e-m+fp/hard\libc_nano.a(libc_a-findfp.o)
                0x200005b4                __sf
 .bss.__stdio_exit_handler
                0x200006ec        0x4 A:/Programas/STM32Cube/STM32CubeIDE_1.16.0/STM32CubeIDE/plugins/com.st.stm32cube.ide.mcu.externaltools.gnu-tools-for-stm32.13.3.rel1.win32_1.0.0.202411081344/tools/bin/../lib/gcc/arm-none-eabi/13.3.1/../../../../arm-none-eabi/lib/thumb/v7e-m+fp/hard\libc_nano.a(libc_a-findfp.o)
                0x200006ec                __stdio_exit_handler
 .bss.errno     0x200006f0        0x4 A:/Programas/STM32Cube/STM32CubeIDE_1.16.0/STM32CubeIDE/plugins/com.st.stm32cube.ide.mcu.externaltools.gnu-tools-for-stm32.13.3.rel1.win32_1.0.0.202411081344/tools/bin/../lib/gcc/arm-none-eabi/13.3.1/../../../../arm-none-eabi/lib/thumb/v7e-m+fp/hard\libc_nano.a(libc_a-reent.o)
                0x200006f0                errno
 .bss.__lock___malloc_recursive_mutex
                0x200006f4        0x1 A:/Programas/STM32Cube/STM32CubeIDE_1.16.0/STM32CubeIDE/plugins/com.st.stm32cube.ide.mcu.externaltools.gnu-tools-for-stm32.13.3.rel1.win32_1.0.0.202411081344/tools/bin/../lib/gcc/arm-none-eabi/13.3.1/../../../../arm-none-eabi/lib/thumb/v7e-m+fp/hard\libc_nano.a(libc_a-lock.o)
                0x200006f4                __lock___malloc_recursive_mutex
 .bss.__lock___sfp_recursive_mutex
                0x200006f5        0x1 A:/Programas/STM32Cube/STM32CubeIDE_1.16.0/STM32CubeIDE/plugins/com.st.stm32cube.ide.mcu.externaltools.gnu-tools-for-stm32.13.3.rel1.win32_1.0.0.202411081344/tools/bin/../lib/gcc/arm-none-eabi/13.3.1/../../../../arm-none-eabi/lib/thumb/v7e-m+fp/hard\libc_nano.a(libc_a-lock.o)
                0x200006f5                __lock___sfp_recursive_mutex
 *fill*         0x200006f6        0x2 
 .bss.__malloc_sbrk_start
                0x200006f8        0x4 A:/Programas/STM32Cube/STM32CubeIDE_1.16.0/STM32CubeIDE/plugins/com.st.stm32cube.ide.mcu.externaltools.gnu-tools-for-stm32.13.3.rel1.win32_1.0.0.202411081344/tools/bin/../lib/gcc/arm-none-eabi/13.3.1/../../../../arm-none-eabi/lib/thumb/v7e-m+fp/hard\libc_nano.a(libc_a-mallocr.o)
                0x200006f8                __malloc_sbrk_start
 .bss.__malloc_free_list
                0x200006fc        0x4 A:/Programas/STM32Cube/STM32CubeIDE_1.16.0/STM32CubeIDE/plugins/com.st.stm32cube.ide.mcu.externaltools.gnu-tools-for-stm32.13.3.rel1.win32_1.0.0.202411081344/tools/bin/../lib/gcc/arm-none-eabi/13.3.1/../../../../arm-none-eabi/lib/thumb/v7e-m+fp/hard\libc_nano.a(libc_a-mallocr.o)
                0x200006fc                __malloc_free_list
 *(COMMON)
                0x20000700                        . = ALIGN (0x4)
                0x20000700                        _ebss = .
                0x20000700                        __bss_end__ = _ebss

._user_heap_stack
                0x20000700      0x600
                0x20000700                        . = ALIGN (0x8)
                [!provide]                        PROVIDE (end = .)
                0x20000700                        PROVIDE (_end = .)
                0x20000900                        . = (. + _Min_Heap_Size)
 *fill*         0x20000700      0x200 
                0x20000d00                        . = (. + _Min_Stack_Size)
 *fill*         0x20000900      0x400 
                0x20000d00                        . = ALIGN (0x8)

/DISCARD/
 libc.a(*)
 libm.a(*)
 libgcc.a(*)

.ARM.attributes
                0x00000000       0x30
 *(.ARM.attributes)
 .ARM.attributes
                0x00000000       0x22 A:/Programas/STM32Cube/STM32CubeIDE_1.16.0/STM32CubeIDE/plugins/com.st.stm32cube.ide.mcu.externaltools.gnu-tools-for-stm32.13.3.rel1.win32_1.0.0.202411081344/tools/bin/../lib/gcc/arm-none-eabi/13.3.1/thumb/v7e-m+fp/hard/crti.o
 .ARM.attributes
                0x00000022       0x34 A:/Programas/STM32Cube/STM32CubeIDE_1.16.0/STM32CubeIDE/plugins/com.st.stm32cube.ide.mcu.externaltools.gnu-tools-for-stm32.13.3.rel1.win32_1.0.0.202411081344/tools/bin/../lib/gcc/arm-none-eabi/13.3.1/thumb/v7e-m+fp/hard/crtbegin.o
 .ARM.attributes
                0x00000056       0x34 ./Application/app.o
 .ARM.attributes
                0x0000008a       0x34 ./Core/Src/main.o
 .ARM.attributes
                0x000000be       0x34 ./Core/Src/stm32f4xx_hal_msp.o
 .ARM.attributes
                0x000000f2       0x34 ./Core/Src/stm32f4xx_it.o
 .ARM.attributes
                0x00000126       0x34 ./Core/Src/syscalls.o
 .ARM.attributes
                0x0000015a       0x34 ./Core/Src/sysmem.o
 .ARM.attributes
                0x0000018e       0x34 ./Core/Src/system_stm32f4xx.o
 .ARM.attributes
                0x000001c2       0x21 ./Core/Startup/startup_stm32f407vgtx.o
 .ARM.attributes
                0x000001e3       0x34 ./Drivers/BSP/DMX512/dmx512.o
 .ARM.attributes
                0x00000217       0x34 ./Drivers/BSP/Debug/uart_debug.o
 .ARM.attributes
                0x0000024b       0x34 ./Drivers/BSP/Discovery/led.o
 .ARM.attributes
                0x0000027f       0x34 ./Drivers/BSP/Discovery/pushbutton.o
 .ARM.attributes
                0x000002b3       0x34 ./Drivers/BSP/NRF24L01/nrf24l01.o
 .ARM.attributes
                0x000002e7       0x34 ./Drivers/BSP/protocol/dmx_protocol.o
 .ARM.attributes
                0x0000031b       0x34 ./Drivers/STM32F4xx_HAL_Driver/Src/stm32f4xx_hal.o
 .ARM.attributes
                0x0000034f       0x34 ./Drivers/STM32F4xx_HAL_Driver/Src/stm32f4xx_hal_cortex.o
 .ARM.attributes
                0x00000383       0x34 ./Drivers/STM32F4xx_HAL_Driver/Src/stm32f4xx_hal_dma.o
 .ARM.attributes
                0x000003b7       0x34 ./Drivers/STM32F4xx_HAL_Driver/Src/stm32f4xx_hal_gpio.o
 .ARM.attributes
                0x000003eb       0x34 ./Drivers/STM32F4xx_HAL_Driver/Src/stm32f4xx_hal_rcc.o
 .ARM.attributes
                0x0000041f       0x34 ./Drivers/STM32F4xx_HAL_Driver/Src/stm32f4xx_hal_spi.o
 .ARM.attributes
                0x00000453       0x34 ./Drivers/STM32F4xx_HAL_Driver/Src/stm32f4xx_hal_tim.o
 .ARM.attributes
                0x00000487       0x34 ./Drivers/STM32F4xx_HAL_Driver/Src/stm32f4xx_hal_tim_ex.o
 .ARM.attributes
                0x000004bb       0x34 ./Drivers/STM32F4xx_HAL_Driver/Src/stm32f4xx_hal_uart.o
 .ARM.attributes
                0x000004ef       0x34 A:/Programas/STM32Cube/STM32CubeIDE_1.16.0/STM32CubeIDE/plugins/com.st.stm32cube.ide.mcu.externaltools.gnu-tools-for-stm32.13.3.rel1.win32_1.0.0.202411081344/tools/bin/../lib/gcc/arm-none-eabi/13.3.1/../../../../arm-none-eabi/lib/thumb/v7e-m+fp/hard\libc_nano.a(libc_a-findfp.o)
 .ARM.attributes
                0x00000523       0x34 A:/Programas/STM32Cube/STM32CubeIDE_1.16.0/STM32CubeIDE/plugins/com.st.stm32cube.ide.mcu.externaltools.gnu-tools-for-stm32.13.3.rel1.win32_1.0.0.202411081344/tools/bin/../lib/gcc/arm-none-eabi/13.3.1/../../../../arm-none-eabi/lib/thumb/v7e-m+fp/hard\libc_nano.a(libc_a-fwalk.o)
 .ARM.attributes
                0x00000557       0x34 A:/Programas/STM32Cube/STM32CubeIDE_1.16.0/STM32CubeIDE/plugins/com.st.stm32cube.ide.mcu.externaltools.gnu-tools-for-stm32.13.3.rel1.win32_1.0.0.202411081344/tools/bin/../lib/gcc/arm-none-eabi/13.3.1/../../../../arm-none-eabi/lib/thumb/v7e-m+fp/hard\libc_nano.a(libc_a-printf.o)
 .ARM.attributes
                0x0000058b       0x34 A:/Programas/STM32Cube/STM32CubeIDE_1.16.0/STM32CubeIDE/plugins/com.st.stm32cube.ide.mcu.externaltools.gnu-tools-for-stm32.13.3.rel1.win32_1.0.0.202411081344/tools/bin/../lib/gcc/arm-none-eabi/13.3.1/../../../../arm-none-eabi/lib/thumb/v7e-m+fp/hard\libc_nano.a(libc_a-setvbuf.o)
 .ARM.attributes
                0x000005bf       0x34 A:/Programas/STM32Cube/STM32CubeIDE_1.16.0/STM32CubeIDE/plugins/com.st.stm32cube.ide.mcu.externaltools.gnu-tools-for-stm32.13.3.rel1.win32_1.0.0.202411081344/tools/bin/../lib/gcc/arm-none-eabi/13.3.1/../../../../arm-none-eabi/lib/thumb/v7e-m+fp/hard\libc_nano.a(libc_a-stdio.o)
 .ARM.attributes
                0x000005f3       0x34 A:/Programas/STM32Cube/STM32CubeIDE_1.16.0/STM32CubeIDE/plugins/com.st.stm32cube.ide.mcu.externaltools.gnu-tools-for-stm32.13.3.rel1.win32_1.0.0.202411081344/tools/bin/../lib/gcc/arm-none-eabi/13.3.1/../../../../arm-none-eabi/lib/thumb/v7e-m+fp/hard\libc_nano.a(libc_a-memset.o)
 .ARM.attributes
                0x00000627       0x34 A:/Programas/STM32Cube/STM32CubeIDE_1.16.0/STM32CubeIDE/plugins/com.st.stm32cube.ide.mcu.externaltools.gnu-tools-for-stm32.13.3.rel1.win32_1.0.0.202411081344/tools/bin/../lib/gcc/arm-none-eabi/13.3.1/../../../../arm-none-eabi/lib/thumb/v7e-m+fp/hard\libc_nano.a(libc_a-closer.o)
 .ARM.attributes
                0x0000065b       0x34 A:/Programas/STM32Cube/STM32CubeIDE_1.16.0/STM32CubeIDE/plugins/com.st.stm32cube.ide.mcu.externaltools.gnu-tools-for-stm32.13.3.rel1.win32_1.0.0.202411081344/tools/bin/../lib/gcc/arm-none-eabi/13.3.1/../../../../arm-none-eabi/lib/thumb/v7e-m+fp/hard\libc_nano.a(libc_a-reent.o)
 .ARM.attributes
                0x0000068f       0x34 A:/Programas/STM32Cube/STM32CubeIDE_1.16.0/STM32CubeIDE/plugins/com.st.stm32cube.ide.mcu.externaltools.gnu-tools-for-stm32.13.3.rel1.win32_1.0.0.202411081344/tools/bin/../lib/gcc/arm-none-eabi/13.3.1/../../../../arm-none-eabi/lib/thumb/v7e-m+fp/hard\libc_nano.a(libc_a-impure.o)
 .ARM.attributes
                0x000006c3       0x34 A:/Programas/STM32Cube/STM32CubeIDE_1.16.0/STM32CubeIDE/plugins/com.st.stm32cube.ide.mcu.externaltools.gnu-tools-for-stm32.13.3.rel1.win32_1.0.0.202411081344/tools/bin/../lib/gcc/arm-none-eabi/13.3.1/../../../../arm-none-eabi/lib/thumb/v7e-m+fp/hard\libc_nano.a(libc_a-lseekr.o)
 .ARM.attributes
                0x000006f7       0x34 A:/Programas/STM32Cube/STM32CubeIDE_1.16.0/STM32CubeIDE/plugins/com.st.stm32cube.ide.mcu.externaltools.gnu-tools-for-stm32.13.3.rel1.win32_1.0.0.202411081344/tools/bin/../lib/gcc/arm-none-eabi/13.3.1/../../../../arm-none-eabi/lib/thumb/v7e-m+fp/hard\libc_nano.a(libc_a-readr.o)
 .ARM.attributes
                0x0000072b       0x34 A:/Programas/STM32Cube/STM32CubeIDE_1.16.0/STM32CubeIDE/plugins/com.st.stm32cube.ide.mcu.externaltools.gnu-tools-for-stm32.13.3.rel1.win32_1.0.0.202411081344/tools/bin/../lib/gcc/arm-none-eabi/13.3.1/../../../../arm-none-eabi/lib/thumb/v7e-m+fp/hard\libc_nano.a(libc_a-writer.o)
 .ARM.attributes
                0x0000075f       0x34 A:/Programas/STM32Cube/STM32CubeIDE_1.16.0/STM32CubeIDE/plugins/com.st.stm32cube.ide.mcu.externaltools.gnu-tools-for-stm32.13.3.rel1.win32_1.0.0.202411081344/tools/bin/../lib/gcc/arm-none-eabi/13.3.1/../../../../arm-none-eabi/lib/thumb/v7e-m+fp/hard\libc_nano.a(libc_a-errno.o)
 .ARM.attributes
                0x00000793       0x34 A:/Programas/STM32Cube/STM32CubeIDE_1.16.0/STM32CubeIDE/plugins/com.st.stm32cube.ide.mcu.externaltools.gnu-tools-for-stm32.13.3.rel1.win32_1.0.0.202411081344/tools/bin/../lib/gcc/arm-none-eabi/13.3.1/../../../../arm-none-eabi/lib/thumb/v7e-m+fp/hard\libc_nano.a(libc_a-init.o)
 .ARM.attributes
                0x000007c7       0x34 A:/Programas/STM32Cube/STM32CubeIDE_1.16.0/STM32CubeIDE/plugins/com.st.stm32cube.ide.mcu.externaltools.gnu-tools-for-stm32.13.3.rel1.win32_1.0.0.202411081344/tools/bin/../lib/gcc/arm-none-eabi/13.3.1/../../../../arm-none-eabi/lib/thumb/v7e-m+fp/hard\libc_nano.a(libc_a-lock.o)
 .ARM.attributes
                0x000007fb       0x34 A:/Programas/STM32Cube/STM32CubeIDE_1.16.0/STM32CubeIDE/plugins/com.st.stm32cube.ide.mcu.externaltools.gnu-tools-for-stm32.13.3.rel1.win32_1.0.0.202411081344/tools/bin/../lib/gcc/arm-none-eabi/13.3.1/../../../../arm-none-eabi/lib/thumb/v7e-m+fp/hard\libc_nano.a(libc_a-strcpy.o)
 .ARM.attributes
                0x0000082f       0x34 A:/Programas/STM32Cube/STM32CubeIDE_1.16.0/STM32CubeIDE/plugins/com.st.stm32cube.ide.mcu.externaltools.gnu-tools-for-stm32.13.3.rel1.win32_1.0.0.202411081344/tools/bin/../lib/gcc/arm-none-eabi/13.3.1/../../../../arm-none-eabi/lib/thumb/v7e-m+fp/hard\libc_nano.a(libc_a-memcpy-stub.o)
 .ARM.attributes
                0x00000863       0x34 A:/Programas/STM32Cube/STM32CubeIDE_1.16.0/STM32CubeIDE/plugins/com.st.stm32cube.ide.mcu.externaltools.gnu-tools-for-stm32.13.3.rel1.win32_1.0.0.202411081344/tools/bin/../lib/gcc/arm-none-eabi/13.3.1/../../../../arm-none-eabi/lib/thumb/v7e-m+fp/hard\libc_nano.a(libc_a-freer.o)
 .ARM.attributes
                0x00000897       0x34 A:/Programas/STM32Cube/STM32CubeIDE_1.16.0/STM32CubeIDE/plugins/com.st.stm32cube.ide.mcu.externaltools.gnu-tools-for-stm32.13.3.rel1.win32_1.0.0.202411081344/tools/bin/../lib/gcc/arm-none-eabi/13.3.1/../../../../arm-none-eabi/lib/thumb/v7e-m+fp/hard\libc_nano.a(libc_a-malloc.o)
 .ARM.attributes
                0x000008cb       0x34 A:/Programas/STM32Cube/STM32CubeIDE_1.16.0/STM32CubeIDE/plugins/com.st.stm32cube.ide.mcu.externaltools.gnu-tools-for-stm32.13.3.rel1.win32_1.0.0.202411081344/tools/bin/../lib/gcc/arm-none-eabi/13.3.1/../../../../arm-none-eabi/lib/thumb/v7e-m+fp/hard\libc_nano.a(libc_a-mallocr.o)
 .ARM.attributes
                0x000008ff       0x34 A:/Programas/STM32Cube/STM32CubeIDE_1.16.0/STM32CubeIDE/plugins/com.st.stm32cube.ide.mcu.externaltools.gnu-tools-for-stm32.13.3.rel1.win32_1.0.0.202411081344/tools/bin/../lib/gcc/arm-none-eabi/13.3.1/../../../../arm-none-eabi/lib/thumb/v7e-m+fp/hard\libc_nano.a(libc_a-mlock.o)
 .ARM.attributes
                0x00000933       0x34 A:/Programas/STM32Cube/STM32CubeIDE_1.16.0/STM32CubeIDE/plugins/com.st.stm32cube.ide.mcu.externaltools.gnu-tools-for-stm32.13.3.rel1.win32_1.0.0.202411081344/tools/bin/../lib/gcc/arm-none-eabi/13.3.1/../../../../arm-none-eabi/lib/thumb/v7e-m+fp/hard\libc_nano.a(libc_a-nano-vfprintf.o)
 .ARM.attributes
                0x00000967       0x34 A:/Programas/STM32Cube/STM32CubeIDE_1.16.0/STM32CubeIDE/plugins/com.st.stm32cube.ide.mcu.externaltools.gnu-tools-for-stm32.13.3.rel1.win32_1.0.0.202411081344/tools/bin/../lib/gcc/arm-none-eabi/13.3.1/../../../../arm-none-eabi/lib/thumb/v7e-m+fp/hard\libc_nano.a(libc_a-nano-vfprintf_i.o)
 .ARM.attributes
                0x0000099b       0x34 A:/Programas/STM32Cube/STM32CubeIDE_1.16.0/STM32CubeIDE/plugins/com.st.stm32cube.ide.mcu.externaltools.gnu-tools-for-stm32.13.3.rel1.win32_1.0.0.202411081344/tools/bin/../lib/gcc/arm-none-eabi/13.3.1/../../../../arm-none-eabi/lib/thumb/v7e-m+fp/hard\libc_nano.a(libc_a-fflush.o)
 .ARM.attributes
                0x000009cf       0x34 A:/Programas/STM32Cube/STM32CubeIDE_1.16.0/STM32CubeIDE/plugins/com.st.stm32cube.ide.mcu.externaltools.gnu-tools-for-stm32.13.3.rel1.win32_1.0.0.202411081344/tools/bin/../lib/gcc/arm-none-eabi/13.3.1/../../../../arm-none-eabi/lib/thumb/v7e-m+fp/hard\libc_nano.a(libc_a-makebuf.o)
 .ARM.attributes
                0x00000a03       0x34 A:/Programas/STM32Cube/STM32CubeIDE_1.16.0/STM32CubeIDE/plugins/com.st.stm32cube.ide.mcu.externaltools.gnu-tools-for-stm32.13.3.rel1.win32_1.0.0.202411081344/tools/bin/../lib/gcc/arm-none-eabi/13.3.1/../../../../arm-none-eabi/lib/thumb/v7e-m+fp/hard\libc_nano.a(libc_a-wbuf.o)
 .ARM.attributes
                0x00000a37       0x34 A:/Programas/STM32Cube/STM32CubeIDE_1.16.0/STM32CubeIDE/plugins/com.st.stm32cube.ide.mcu.externaltools.gnu-tools-for-stm32.13.3.rel1.win32_1.0.0.202411081344/tools/bin/../lib/gcc/arm-none-eabi/13.3.1/../../../../arm-none-eabi/lib/thumb/v7e-m+fp/hard\libc_nano.a(libc_a-wsetup.o)
 .ARM.attributes
                0x00000a6b       0x34 A:/Programas/STM32Cube/STM32CubeIDE_1.16.0/STM32CubeIDE/plugins/com.st.stm32cube.ide.mcu.externaltools.gnu-tools-for-stm32.13.3.rel1.win32_1.0.0.202411081344/tools/bin/../lib/gcc/arm-none-eabi/13.3.1/../../../../arm-none-eabi/lib/thumb/v7e-m+fp/hard\libc_nano.a(libc_a-fstatr.o)
 .ARM.attributes
                0x00000a9f       0x34 A:/Programas/STM32Cube/STM32CubeIDE_1.16.0/STM32CubeIDE/plugins/com.st.stm32cube.ide.mcu.externaltools.gnu-tools-for-stm32.13.3.rel1.win32_1.0.0.202411081344/tools/bin/../lib/gcc/arm-none-eabi/13.3.1/../../../../arm-none-eabi/lib/thumb/v7e-m+fp/hard\libc_nano.a(libc_a-isattyr.o)
 .ARM.attributes
                0x00000ad3       0x34 A:/Programas/STM32Cube/STM32CubeIDE_1.16.0/STM32CubeIDE/plugins/com.st.stm32cube.ide.mcu.externaltools.gnu-tools-for-stm32.13.3.rel1.win32_1.0.0.202411081344/tools/bin/../lib/gcc/arm-none-eabi/13.3.1/../../../../arm-none-eabi/lib/thumb/v7e-m+fp/hard\libc_nano.a(libc_a-sbrkr.o)
 .ARM.attributes
                0x00000b07       0x1c A:/Programas/STM32Cube/STM32CubeIDE_1.16.0/STM32CubeIDE/plugins/com.st.stm32cube.ide.mcu.externaltools.gnu-tools-for-stm32.13.3.rel1.win32_1.0.0.202411081344/tools/bin/../lib/gcc/arm-none-eabi/13.3.1/../../../../arm-none-eabi/lib/thumb/v7e-m+fp/hard\libc_nano.a(libc_a-memchr.o)
 .ARM.attributes
                0x00000b23       0x22 A:/Programas/STM32Cube/STM32CubeIDE_1.16.0/STM32CubeIDE/plugins/com.st.stm32cube.ide.mcu.externaltools.gnu-tools-for-stm32.13.3.rel1.win32_1.0.0.202411081344/tools/bin/../lib/gcc/arm-none-eabi/13.3.1/thumb/v7e-m+fp/hard\libgcc.a(_aeabi_uldivmod.o)
 .ARM.attributes
                0x00000b45       0x34 A:/Programas/STM32Cube/STM32CubeIDE_1.16.0/STM32CubeIDE/plugins/com.st.stm32cube.ide.mcu.externaltools.gnu-tools-for-stm32.13.3.rel1.win32_1.0.0.202411081344/tools/bin/../lib/gcc/arm-none-eabi/13.3.1/thumb/v7e-m+fp/hard\libgcc.a(_udivmoddi4.o)
 .ARM.attributes
                0x00000b79       0x22 A:/Programas/STM32Cube/STM32CubeIDE_1.16.0/STM32CubeIDE/plugins/com.st.stm32cube.ide.mcu.externaltools.gnu-tools-for-stm32.13.3.rel1.win32_1.0.0.202411081344/tools/bin/../lib/gcc/arm-none-eabi/13.3.1/thumb/v7e-m+fp/hard\libgcc.a(_dvmd_tls.o)
 .ARM.attributes
                0x00000b9b       0x22 A:/Programas/STM32Cube/STM32CubeIDE_1.16.0/STM32CubeIDE/plugins/com.st.stm32cube.ide.mcu.externaltools.gnu-tools-for-stm32.13.3.rel1.win32_1.0.0.202411081344/tools/bin/../lib/gcc/arm-none-eabi/13.3.1/thumb/v7e-m+fp/hard/crtn.o
OUTPUT(STM32F4-DISC1_TFG_DMX_Controller.elf elf32-littlearm)
LOAD linker stubs
LOAD A:/Programas/STM32Cube/STM32CubeIDE_1.16.0/STM32CubeIDE/plugins/com.st.stm32cube.ide.mcu.externaltools.gnu-tools-for-stm32.13.3.rel1.win32_1.0.0.202411081344/tools/bin/../lib/gcc/arm-none-eabi/13.3.1/../../../../arm-none-eabi/lib/thumb/v7e-m+fp/hard\libc.a
LOAD A:/Programas/STM32Cube/STM32CubeIDE_1.16.0/STM32CubeIDE/plugins/com.st.stm32cube.ide.mcu.externaltools.gnu-tools-for-stm32.13.3.rel1.win32_1.0.0.202411081344/tools/bin/../lib/gcc/arm-none-eabi/13.3.1/../../../../arm-none-eabi/lib/thumb/v7e-m+fp/hard\libm.a
LOAD A:/Programas/STM32Cube/STM32CubeIDE_1.16.0/STM32CubeIDE/plugins/com.st.stm32cube.ide.mcu.externaltools.gnu-tools-for-stm32.13.3.rel1.win32_1.0.0.202411081344/tools/bin/../lib/gcc/arm-none-eabi/13.3.1/thumb/v7e-m+fp/hard\libgcc.a

.debug_info     0x00000000    0x1396f
 .debug_info    0x00000000      0xc97 ./Application/app.o
 .debug_info    0x00000c97     0x160d ./Core/Src/main.o
 .debug_info    0x000022a4     0x12ea ./Core/Src/stm32f4xx_hal_msp.o
 .debug_info    0x0000358e      0xa10 ./Core/Src/stm32f4xx_it.o
 .debug_info    0x00003f9e      0x6a3 ./Core/Src/syscalls.o
 .debug_info    0x00004641      0x168 ./Core/Src/sysmem.o
 .debug_info    0x000047a9      0x512 ./Core/Src/system_stm32f4xx.o
 .debug_info    0x00004cbb       0x30 ./Core/Startup/startup_stm32f407vgtx.o
 .debug_info    0x00004ceb      0xe38 ./Drivers/BSP/DMX512/dmx512.o
 .debug_info    0x00005b23      0xe80 ./Drivers/BSP/Debug/uart_debug.o
 .debug_info    0x000069a3      0x60a ./Drivers/BSP/Discovery/led.o
 .debug_info    0x00006fad      0x79a ./Drivers/BSP/Discovery/pushbutton.o
 .debug_info    0x00007747      0xdd2 ./Drivers/BSP/NRF24L01/nrf24l01.o
 .debug_info    0x00008519      0x241 ./Drivers/BSP/protocol/dmx_protocol.o
 .debug_info    0x0000875a      0x944 ./Drivers/STM32F4xx_HAL_Driver/Src/stm32f4xx_hal.o
 .debug_info    0x0000909e      0xd8c ./Drivers/STM32F4xx_HAL_Driver/Src/stm32f4xx_hal_cortex.o
 .debug_info    0x00009e2a      0x8e7 ./Drivers/STM32F4xx_HAL_Driver/Src/stm32f4xx_hal_dma.o
 .debug_info    0x0000a711      0x6c3 ./Drivers/STM32F4xx_HAL_Driver/Src/stm32f4xx_hal_gpio.o
 .debug_info    0x0000add4      0x8af ./Drivers/STM32F4xx_HAL_Driver/Src/stm32f4xx_hal_rcc.o
 .debug_info    0x0000b683     0x1525 ./Drivers/STM32F4xx_HAL_Driver/Src/stm32f4xx_hal_spi.o
 .debug_info    0x0000cba8     0x299d ./Drivers/STM32F4xx_HAL_Driver/Src/stm32f4xx_hal_tim.o
 .debug_info    0x0000f545     0x14db ./Drivers/STM32F4xx_HAL_Driver/Src/stm32f4xx_hal_tim_ex.o
 .debug_info    0x00010a20     0x2f4f ./Drivers/STM32F4xx_HAL_Driver/Src/stm32f4xx_hal_uart.o

.debug_abbrev   0x00000000     0x30ca
 .debug_abbrev  0x00000000      0x215 ./Application/app.o
 .debug_abbrev  0x00000215      0x2e8 ./Core/Src/main.o
 .debug_abbrev  0x000004fd      0x24a ./Core/Src/stm32f4xx_hal_msp.o
 .debug_abbrev  0x00000747      0x1cc ./Core/Src/stm32f4xx_it.o
 .debug_abbrev  0x00000913      0x1b6 ./Core/Src/syscalls.o
 .debug_abbrev  0x00000ac9       0xbc ./Core/Src/sysmem.o
 .debug_abbrev  0x00000b85      0x11a ./Core/Src/system_stm32f4xx.o
 .debug_abbrev  0x00000c9f       0x24 ./Core/Startup/startup_stm32f407vgtx.o
 .debug_abbrev  0x00000cc3      0x335 ./Drivers/BSP/DMX512/dmx512.o
 .debug_abbrev  0x00000ff8      0x29f ./Drivers/BSP/Debug/uart_debug.o
 .debug_abbrev  0x00001297      0x1b0 ./Drivers/BSP/Discovery/led.o
 .debug_abbrev  0x00001447      0x1e2 ./Drivers/BSP/Discovery/pushbutton.o
 .debug_abbrev  0x00001629      0x306 ./Drivers/BSP/NRF24L01/nrf24l01.o
 .debug_abbrev  0x0000192f       0xf8 ./Drivers/BSP/protocol/dmx_protocol.o
 .debug_abbrev  0x00001a27      0x214 ./Drivers/STM32F4xx_HAL_Driver/Src/stm32f4xx_hal.o
 .debug_abbrev  0x00001c3b      0x31d ./Drivers/STM32F4xx_HAL_Driver/Src/stm32f4xx_hal_cortex.o
 .debug_abbrev  0x00001f58      0x264 ./Drivers/STM32F4xx_HAL_Driver/Src/stm32f4xx_hal_dma.o
 .debug_abbrev  0x000021bc      0x1d4 ./Drivers/STM32F4xx_HAL_Driver/Src/stm32f4xx_hal_gpio.o
 .debug_abbrev  0x00002390      0x2b7 ./Drivers/STM32F4xx_HAL_Driver/Src/stm32f4xx_hal_rcc.o
 .debug_abbrev  0x00002647      0x27a ./Drivers/STM32F4xx_HAL_Driver/Src/stm32f4xx_hal_spi.o
 .debug_abbrev  0x000028c1      0x278 ./Drivers/STM32F4xx_HAL_Driver/Src/stm32f4xx_hal_tim.o
 .debug_abbrev  0x00002b39      0x283 ./Drivers/STM32F4xx_HAL_Driver/Src/stm32f4xx_hal_tim_ex.o
 .debug_abbrev  0x00002dbc      0x30e ./Drivers/STM32F4xx_HAL_Driver/Src/stm32f4xx_hal_uart.o

.debug_aranges  0x00000000     0x11a8
 .debug_aranges
                0x00000000       0x40 ./Application/app.o
 .debug_aranges
                0x00000040       0x60 ./Core/Src/main.o
 .debug_aranges
                0x000000a0       0x50 ./Core/Src/stm32f4xx_hal_msp.o
 .debug_aranges
                0x000000f0       0x90 ./Core/Src/stm32f4xx_it.o
 .debug_aranges
                0x00000180       0xa8 ./Core/Src/syscalls.o
 .debug_aranges
                0x00000228       0x20 ./Core/Src/sysmem.o
 .debug_aranges
                0x00000248       0x28 ./Core/Src/system_stm32f4xx.o
 .debug_aranges
                0x00000270       0x28 ./Core/Startup/startup_stm32f407vgtx.o
 .debug_aranges
                0x00000298       0xb0 ./Drivers/BSP/DMX512/dmx512.o
 .debug_aranges
                0x00000348       0x50 ./Drivers/BSP/Debug/uart_debug.o
 .debug_aranges
                0x00000398       0x60 ./Drivers/BSP/Discovery/led.o
 .debug_aranges
                0x000003f8       0x30 ./Drivers/BSP/Discovery/pushbutton.o
 .debug_aranges
                0x00000428       0xc0 ./Drivers/BSP/NRF24L01/nrf24l01.o
 .debug_aranges
                0x000004e8       0x20 ./Drivers/BSP/protocol/dmx_protocol.o
 .debug_aranges
                0x00000508       0xf0 ./Drivers/STM32F4xx_HAL_Driver/Src/stm32f4xx_hal.o
 .debug_aranges
                0x000005f8      0x130 ./Drivers/STM32F4xx_HAL_Driver/Src/stm32f4xx_hal_cortex.o
 .debug_aranges
                0x00000728       0x90 ./Drivers/STM32F4xx_HAL_Driver/Src/stm32f4xx_hal_dma.o
 .debug_aranges
                0x000007b8       0x58 ./Drivers/STM32F4xx_HAL_Driver/Src/stm32f4xx_hal_gpio.o
 .debug_aranges
                0x00000810       0x88 ./Drivers/STM32F4xx_HAL_Driver/Src/stm32f4xx_hal_rcc.o
 .debug_aranges
                0x00000898      0x1d0 ./Drivers/STM32F4xx_HAL_Driver/Src/stm32f4xx_hal_spi.o
 .debug_aranges
                0x00000a68      0x3d0 ./Drivers/STM32F4xx_HAL_Driver/Src/stm32f4xx_hal_tim.o
 .debug_aranges
                0x00000e38      0x168 ./Drivers/STM32F4xx_HAL_Driver/Src/stm32f4xx_hal_tim_ex.o
 .debug_aranges
                0x00000fa0      0x208 ./Drivers/STM32F4xx_HAL_Driver/Src/stm32f4xx_hal_uart.o

.debug_rnglists
                0x00000000      0xda2
 .debug_rnglists
                0x00000000       0x2d ./Application/app.o
 .debug_rnglists
                0x0000002d       0x46 ./Core/Src/main.o
 .debug_rnglists
                0x00000073       0x39 ./Core/Src/stm32f4xx_hal_msp.o
 .debug_rnglists
                0x000000ac       0x67 ./Core/Src/stm32f4xx_it.o
 .debug_rnglists
                0x00000113       0x79 ./Core/Src/syscalls.o
 .debug_rnglists
                0x0000018c       0x13 ./Core/Src/sysmem.o
 .debug_rnglists
                0x0000019f       0x1a ./Core/Src/system_stm32f4xx.o
 .debug_rnglists
                0x000001b9       0x19 ./Core/Startup/startup_stm32f407vgtx.o
 .debug_rnglists
                0x000001d2       0x82 ./Drivers/BSP/DMX512/dmx512.o
 .debug_rnglists
                0x00000254       0x38 ./Drivers/BSP/Debug/uart_debug.o
 .debug_rnglists
                0x0000028c       0x44 ./Drivers/BSP/Discovery/led.o
 .debug_rnglists
                0x000002d0       0x20 ./Drivers/BSP/Discovery/pushbutton.o
 .debug_rnglists
                0x000002f0       0x90 ./Drivers/BSP/NRF24L01/nrf24l01.o
 .debug_rnglists
                0x00000380       0x14 ./Drivers/BSP/protocol/dmx_protocol.o
 .debug_rnglists
                0x00000394       0xaf ./Drivers/STM32F4xx_HAL_Driver/Src/stm32f4xx_hal.o
 .debug_rnglists
                0x00000443       0xe0 ./Drivers/STM32F4xx_HAL_Driver/Src/stm32f4xx_hal_cortex.o
 .debug_rnglists
                0x00000523       0x70 ./Drivers/STM32F4xx_HAL_Driver/Src/stm32f4xx_hal_dma.o
 .debug_rnglists
                0x00000593       0x3f ./Drivers/STM32F4xx_HAL_Driver/Src/stm32f4xx_hal_gpio.o
 .debug_rnglists
                0x000005d2       0x66 ./Drivers/STM32F4xx_HAL_Driver/Src/stm32f4xx_hal_rcc.o
 .debug_rnglists
                0x00000638      0x16f ./Drivers/STM32F4xx_HAL_Driver/Src/stm32f4xx_hal_spi.o
 .debug_rnglists