../Drivers/DMX512/dmx512.c:26:13:delay_us	16	static
../Drivers/DMX512/dmx512.c:43:13:DMX512_Tx_Output	32	static
../Drivers/DMX512/dmx512.c:56:13:DMX512_Tx_Alter_Function	32	static
../Drivers/DMX512/dmx512.c:72:19:DMX512_Init	16	static
../Drivers/DMX512/dmx512.c:103:6:DMX512_SetChannel	16	static
../Drivers/DMX512/dmx512.c:113:6:DMX512_SetStartCode	16	static
../Drivers/DMX512/dmx512.c:121:6:DMX512_SetBuffer	16	static
../Drivers/DMX512/dmx512.c:129:6:DMX512_SendFrame	8	static
../Drivers/DMX512/dmx512.c:154:6:DMX512_Task	16	static
../Drivers/DMX512/dmx512.c:197:11:DMX512_GetState	4	static
../Drivers/DMX512/dmx512.c:204:9:DMX512_IsTransmitting	4	static
../Drivers/DMX512/dmx512.c:211:6:DMX512_StartTask	4	static
../Drivers/DMX512/dmx512.c:218:6:DMX512_StopTask	4	static
../Drivers/DMX512/dmx512.c:225:6:DMX512_ResetBuffer	8	static
../Drivers/DMX512/dmx512.c:232:9:DMX512_GetChannelValue	16	static
../Drivers/DMX512/dmx512.c:242:9:DMX512_GetStartCode	4	static
../Drivers/DMX512/dmx512.c:249:16:DMX512_GetBuffer	4	static
../Drivers/DMX512/dmx512.c:256:6:DMX_TIM_PeriodElapsedCallback	16	static
../Drivers/DMX512/dmx512.c:267:6:DMX_UART_TxCpltCallback	16	static
